2025-01-08T14:03:19.7930203Z Current runner version: '2.321.0'
2025-01-08T14:03:19.7963080Z ##[group]Operating System
2025-01-08T14:03:19.7963905Z Ubuntu
2025-01-08T14:03:19.7964478Z 22.04.5
2025-01-08T14:03:19.7965102Z LTS
2025-01-08T14:03:19.7965645Z ##[endgroup]
2025-01-08T14:03:19.7966237Z ##[group]Runner Image
2025-01-08T14:03:19.7966968Z Image: ubuntu-22.04
2025-01-08T14:03:19.7967582Z Version: 20250105.1.0
2025-01-08T14:03:19.7968731Z Included Software: https://github.com/actions/runner-images/blob/ubuntu22/20250105.1/images/ubuntu/Ubuntu2204-Readme.md
2025-01-08T14:03:19.7970175Z Image Release: https://github.com/actions/runner-images/releases/tag/ubuntu22%2F20250105.1
2025-01-08T14:03:19.7971849Z ##[endgroup]
2025-01-08T14:03:19.7972486Z ##[group]Runner Image Provisioner
2025-01-08T14:03:19.7973154Z 2.0.404.1
2025-01-08T14:03:19.7973608Z ##[endgroup]
2025-01-08T14:03:19.7975937Z ##[group]GITHUB_TOKEN Permissions
2025-01-08T14:03:19.7977885Z Actions: write
2025-01-08T14:03:19.7978779Z Attestations: write
2025-01-08T14:03:19.7979487Z Checks: write
2025-01-08T14:03:19.7980044Z Contents: write
2025-01-08T14:03:19.7980544Z Deployments: write
2025-01-08T14:03:19.7981131Z Discussions: write
2025-01-08T14:03:19.7981709Z Issues: write
2025-01-08T14:03:19.7982212Z Metadata: read
2025-01-08T14:03:19.7982797Z Packages: write
2025-01-08T14:03:19.7983339Z Pages: write
2025-01-08T14:03:19.7983828Z PullRequests: write
2025-01-08T14:03:19.7984473Z RepositoryProjects: write
2025-01-08T14:03:19.7985104Z SecurityEvents: write
2025-01-08T14:03:19.7985694Z Statuses: write
2025-01-08T14:03:19.7986225Z ##[endgroup]
2025-01-08T14:03:19.7989993Z Secret source: Actions
2025-01-08T14:03:19.7991146Z Prepare workflow directory
2025-01-08T14:03:19.8492944Z Prepare all required actions
2025-01-08T14:03:19.8529200Z Getting action download info
2025-01-08T14:03:20.0842845Z Download action repository 'actions/checkout@v3' (SHA:f43a0e5ff2bd294095638e18286ca9a3d1956744)
2025-01-08T14:03:20.1953733Z Download action repository 'actions/setup-node@v3' (SHA:1a4442cacd436585916779262731d5b162bc6ec7)
2025-01-08T14:03:20.4204778Z Download action repository 'pnpm/action-setup@v4.0.0' (SHA:fe02b34f77f8bc703788d5817da081398fad5dd2)
2025-01-08T14:03:20.8666416Z Complete job name: Deploy Pages and Worker
2025-01-08T14:03:20.9347133Z ##[group]Run actions/checkout@v3
2025-01-08T14:03:20.9348734Z with:
2025-01-08T14:03:20.9349617Z   repository: EchoCog/bolt.echo
2025-01-08T14:03:20.9350898Z   token: ***
2025-01-08T14:03:20.9351820Z   ssh-strict: true
2025-01-08T14:03:20.9352710Z   persist-credentials: true
2025-01-08T14:03:20.9353594Z   clean: true
2025-01-08T14:03:20.9354551Z   sparse-checkout-cone-mode: true
2025-01-08T14:03:20.9355528Z   fetch-depth: 1
2025-01-08T14:03:20.9356285Z   fetch-tags: false
2025-01-08T14:03:20.9357224Z   lfs: false
2025-01-08T14:03:20.9358011Z   submodules: false
2025-01-08T14:03:20.9358912Z   set-safe-directory: true
2025-01-08T14:03:20.9360372Z env:
2025-01-08T14:03:20.9361494Z   CLOUDFLARE_API_TOKEN: ***
2025-01-08T14:03:20.9362795Z   CLOUDFLARE_ACCOUNT_ID: ***
2025-01-08T14:03:20.9364671Z   ANTHROPIC_API_KEY: ***
2025-01-08T14:03:20.9366705Z   OPENAI_API_KEY: ***
2025-01-08T14:03:20.9367282Z ##[endgroup]
2025-01-08T14:03:21.1638310Z Syncing repository: EchoCog/bolt.echo
2025-01-08T14:03:21.1640625Z ##[group]Getting Git version info
2025-01-08T14:03:21.1641481Z Working directory is '/home/runner/work/bolt.echo/bolt.echo'
2025-01-08T14:03:21.1642724Z [command]/usr/bin/git version
2025-01-08T14:03:21.1739973Z git version 2.47.1
2025-01-08T14:03:21.1771715Z ##[endgroup]
2025-01-08T14:03:21.1795159Z Temporarily overriding HOME='/home/runner/work/_temp/c26873b8-e719-4d60-9cee-c82170a8cbbe' before making global git config changes
2025-01-08T14:03:21.1797955Z Adding repository directory to the temporary git global config as a safe directory
2025-01-08T14:03:21.1800410Z [command]/usr/bin/git config --global --add safe.directory /home/runner/work/bolt.echo/bolt.echo
2025-01-08T14:03:21.1840763Z Deleting the contents of '/home/runner/work/bolt.echo/bolt.echo'
2025-01-08T14:03:21.1845502Z ##[group]Initializing the repository
2025-01-08T14:03:21.1849182Z [command]/usr/bin/git init /home/runner/work/bolt.echo/bolt.echo
2025-01-08T14:03:21.1931591Z hint: Using 'master' as the name for the initial branch. This default branch name
2025-01-08T14:03:21.1933039Z hint: is subject to change. To configure the initial branch name to use in all
2025-01-08T14:03:21.1934085Z hint: of your new repositories, which will suppress this warning, call:
2025-01-08T14:03:21.1934844Z hint:
2025-01-08T14:03:21.1935518Z hint: 	git config --global init.defaultBranch <name>
2025-01-08T14:03:21.1936163Z hint:
2025-01-08T14:03:21.1936779Z hint: Names commonly chosen instead of 'master' are 'main', 'trunk' and
2025-01-08T14:03:21.1938370Z hint: 'development'. The just-created branch can be renamed via this command:
2025-01-08T14:03:21.1939390Z hint:
2025-01-08T14:03:21.1940164Z hint: 	git branch -m <name>
2025-01-08T14:03:21.1941709Z Initialized empty Git repository in /home/runner/work/bolt.echo/bolt.echo/.git/
2025-01-08T14:03:21.1951025Z [command]/usr/bin/git remote add origin https://github.com/EchoCog/bolt.echo
2025-01-08T14:03:21.1989579Z ##[endgroup]
2025-01-08T14:03:21.1991084Z ##[group]Disabling automatic garbage collection
2025-01-08T14:03:21.1992596Z [command]/usr/bin/git config --local gc.auto 0
2025-01-08T14:03:21.2022207Z ##[endgroup]
2025-01-08T14:03:21.2023927Z ##[group]Setting up auth
2025-01-08T14:03:21.2028465Z [command]/usr/bin/git config --local --name-only --get-regexp core\.sshCommand
2025-01-08T14:03:21.2057783Z [command]/usr/bin/git submodule foreach --recursive sh -c "git config --local --name-only --get-regexp 'core\.sshCommand' && git config --local --unset-all 'core.sshCommand' || :"
2025-01-08T14:03:21.2415733Z [command]/usr/bin/git config --local --name-only --get-regexp http\.https\:\/\/github\.com\/\.extraheader
2025-01-08T14:03:21.2445557Z [command]/usr/bin/git submodule foreach --recursive sh -c "git config --local --name-only --get-regexp 'http\.https\:\/\/github\.com\/\.extraheader' && git config --local --unset-all 'http.https://github.com/.extraheader' || :"
2025-01-08T14:03:21.2678050Z [command]/usr/bin/git config --local http.https://github.com/.extraheader AUTHORIZATION: basic ***
2025-01-08T14:03:21.2760546Z ##[endgroup]
2025-01-08T14:03:21.2762419Z ##[group]Fetching the repository
2025-01-08T14:03:21.2769592Z [command]/usr/bin/git -c protocol.version=2 fetch --no-tags --prune --progress --no-recurse-submodules --depth=1 origin +a1429f43abf36b92069ad381e38bdb811a76ba62:refs/remotes/origin/main
2025-01-08T14:03:21.5154574Z remote: Enumerating objects: 198, done.
2025-01-08T14:03:21.5156612Z remote: Counting objects:   0% (1/198)
2025-01-08T14:03:21.5158338Z remote: Counting objects:   1% (2/198)
2025-01-08T14:03:21.5159826Z remote: Counting objects:   2% (4/198)
2025-01-08T14:03:21.5161274Z remote: Counting objects:   3% (6/198)
2025-01-08T14:03:21.5162419Z remote: Counting objects:   4% (8/198)
2025-01-08T14:03:21.5163332Z remote: Counting objects:   5% (10/198)
2025-01-08T14:03:21.5164181Z remote: Counting objects:   6% (12/198)
2025-01-08T14:03:21.5165068Z remote: Counting objects:   7% (14/198)
2025-01-08T14:03:21.5165823Z remote: Counting objects:   8% (16/198)
2025-01-08T14:03:21.5166594Z remote: Counting objects:   9% (18/198)
2025-01-08T14:03:21.5167318Z remote: Counting objects:  10% (20/198)
2025-01-08T14:03:21.5168021Z remote: Counting objects:  11% (22/198)
2025-01-08T14:03:21.5169155Z remote: Counting objects:  12% (24/198)
2025-01-08T14:03:21.5170573Z remote: Counting objects:  13% (26/198)
2025-01-08T14:03:21.5171778Z remote: Counting objects:  14% (28/198)
2025-01-08T14:03:21.5172628Z remote: Counting objects:  15% (30/198)
2025-01-08T14:03:21.5173348Z remote: Counting objects:  16% (32/198)
2025-01-08T14:03:21.5174711Z remote: Counting objects:  17% (34/198)
2025-01-08T14:03:21.5176205Z remote: Counting objects:  18% (36/198)
2025-01-08T14:03:21.5177421Z remote: Counting objects:  19% (38/198)
2025-01-08T14:03:21.5178237Z remote: Counting objects:  20% (40/198)
2025-01-08T14:03:21.5179011Z remote: Counting objects:  21% (42/198)
2025-01-08T14:03:21.5179810Z remote: Counting objects:  22% (44/198)
2025-01-08T14:03:21.5182222Z remote: Counting objects:  23% (46/198)
2025-01-08T14:03:21.5182974Z remote: Counting objects:  24% (48/198)
2025-01-08T14:03:21.5183768Z remote: Counting objects:  25% (50/198)
2025-01-08T14:03:21.5184481Z remote: Counting objects:  26% (52/198)
2025-01-08T14:03:21.5185232Z remote: Counting objects:  27% (54/198)
2025-01-08T14:03:21.5186155Z remote: Counting objects:  28% (56/198)
2025-01-08T14:03:21.5187762Z remote: Counting objects:  29% (58/198)
2025-01-08T14:03:21.5189253Z remote: Counting objects:  30% (60/198)
2025-01-08T14:03:21.5190723Z remote: Counting objects:  31% (62/198)
2025-01-08T14:03:21.5191967Z remote: Counting objects:  32% (64/198)
2025-01-08T14:03:21.5193482Z remote: Counting objects:  33% (66/198)
2025-01-08T14:03:21.5194577Z remote: Counting objects:  34% (68/198)
2025-01-08T14:03:21.5195337Z remote: Counting objects:  35% (70/198)
2025-01-08T14:03:21.5196299Z remote: Counting objects:  36% (72/198)
2025-01-08T14:03:21.5197036Z remote: Counting objects:  37% (74/198)
2025-01-08T14:03:21.5197776Z remote: Counting objects:  38% (76/198)
2025-01-08T14:03:21.5198586Z remote: Counting objects:  39% (78/198)
2025-01-08T14:03:21.5199343Z remote: Counting objects:  40% (80/198)
2025-01-08T14:03:21.5200109Z remote: Counting objects:  41% (82/198)
2025-01-08T14:03:21.5201321Z remote: Counting objects:  42% (84/198)
2025-01-08T14:03:21.5202127Z remote: Counting objects:  43% (86/198)
2025-01-08T14:03:21.5203100Z remote: Counting objects:  44% (88/198)
2025-01-08T14:03:21.5204032Z remote: Counting objects:  45% (90/198)
2025-01-08T14:03:21.5204969Z remote: Counting objects:  46% (92/198)
2025-01-08T14:03:21.5205942Z remote: Counting objects:  47% (94/198)
2025-01-08T14:03:21.5207093Z remote: Counting objects:  48% (96/198)
2025-01-08T14:03:21.5208131Z remote: Counting objects:  49% (98/198)
2025-01-08T14:03:21.5209313Z remote: Counting objects:  50% (99/198)
2025-01-08T14:03:21.5210244Z remote: Counting objects:  51% (101/198)
2025-01-08T14:03:21.5211562Z remote: Counting objects:  52% (103/198)
2025-01-08T14:03:21.5212529Z remote: Counting objects:  53% (105/198)
2025-01-08T14:03:21.5213428Z remote: Counting objects:  54% (107/198)
2025-01-08T14:03:21.5214780Z remote: Counting objects:  55% (109/198)
2025-01-08T14:03:21.5215824Z remote: Counting objects:  56% (111/198)
2025-01-08T14:03:21.5216776Z remote: Counting objects:  57% (113/198)
2025-01-08T14:03:21.5217815Z remote: Counting objects:  58% (115/198)
2025-01-08T14:03:21.5218800Z remote: Counting objects:  59% (117/198)
2025-01-08T14:03:21.5219722Z remote: Counting objects:  60% (119/198)
2025-01-08T14:03:21.5220745Z remote: Counting objects:  61% (121/198)
2025-01-08T14:03:21.5221660Z remote: Counting objects:  62% (123/198)
2025-01-08T14:03:21.5222596Z remote: Counting objects:  63% (125/198)
2025-01-08T14:03:21.5223532Z remote: Counting objects:  64% (127/198)
2025-01-08T14:03:21.5224411Z remote: Counting objects:  65% (129/198)
2025-01-08T14:03:21.5225374Z remote: Counting objects:  66% (131/198)
2025-01-08T14:03:21.5226285Z remote: Counting objects:  67% (133/198)
2025-01-08T14:03:21.5227141Z remote: Counting objects:  68% (135/198)
2025-01-08T14:03:21.5228155Z remote: Counting objects:  69% (137/198)
2025-01-08T14:03:21.5229028Z remote: Counting objects:  70% (139/198)
2025-01-08T14:03:21.5230059Z remote: Counting objects:  71% (141/198)
2025-01-08T14:03:21.5231210Z remote: Counting objects:  72% (143/198)
2025-01-08T14:03:21.5232131Z remote: Counting objects:  73% (145/198)
2025-01-08T14:03:21.5233045Z remote: Counting objects:  74% (147/198)
2025-01-08T14:03:21.5233951Z remote: Counting objects:  75% (149/198)
2025-01-08T14:03:21.5234856Z remote: Counting objects:  76% (151/198)
2025-01-08T14:03:21.5235812Z remote: Counting objects:  77% (153/198)
2025-01-08T14:03:21.5236710Z remote: Counting objects:  78% (155/198)
2025-01-08T14:03:21.5237581Z remote: Counting objects:  79% (157/198)
2025-01-08T14:03:21.5238526Z remote: Counting objects:  80% (159/198)
2025-01-08T14:03:21.5239461Z remote: Counting objects:  81% (161/198)
2025-01-08T14:03:21.5240424Z remote: Counting objects:  82% (163/198)
2025-01-08T14:03:21.5241347Z remote: Counting objects:  83% (165/198)
2025-01-08T14:03:21.5242260Z remote: Counting objects:  84% (167/198)
2025-01-08T14:03:21.5243222Z remote: Counting objects:  85% (169/198)
2025-01-08T14:03:21.5244139Z remote: Counting objects:  86% (171/198)
2025-01-08T14:03:21.5245031Z remote: Counting objects:  87% (173/198)
2025-01-08T14:03:21.5246018Z remote: Counting objects:  88% (175/198)
2025-01-08T14:03:21.5246882Z remote: Counting objects:  89% (177/198)
2025-01-08T14:03:21.5247756Z remote: Counting objects:  90% (179/198)
2025-01-08T14:03:21.5248751Z remote: Counting objects:  91% (181/198)
2025-01-08T14:03:21.5249649Z remote: Counting objects:  92% (183/198)
2025-01-08T14:03:21.5250564Z remote: Counting objects:  93% (185/198)
2025-01-08T14:03:21.5251858Z remote: Counting objects:  94% (187/198)
2025-01-08T14:03:21.5252762Z remote: Counting objects:  95% (189/198)
2025-01-08T14:03:21.5253741Z remote: Counting objects:  96% (191/198)
2025-01-08T14:03:21.5254608Z remote: Counting objects:  97% (193/198)
2025-01-08T14:03:21.5255608Z remote: Counting objects:  98% (195/198)
2025-01-08T14:03:21.5256617Z remote: Counting objects:  99% (197/198)
2025-01-08T14:03:21.5257697Z remote: Counting objects: 100% (198/198)
2025-01-08T14:03:21.5258757Z remote: Counting objects: 100% (198/198), done.
2025-01-08T14:03:21.5259760Z remote: Compressing objects:   0% (1/184)
2025-01-08T14:03:21.5260655Z remote: Compressing objects:   1% (2/184)
2025-01-08T14:03:21.5261641Z remote: Compressing objects:   2% (4/184)
2025-01-08T14:03:21.5262579Z remote: Compressing objects:   3% (6/184)
2025-01-08T14:03:21.5263507Z remote: Compressing objects:   4% (8/184)
2025-01-08T14:03:21.5264500Z remote: Compressing objects:   5% (10/184)
2025-01-08T14:03:21.5265421Z remote: Compressing objects:   6% (12/184)
2025-01-08T14:03:21.5266340Z remote: Compressing objects:   7% (13/184)
2025-01-08T14:03:21.5267343Z remote: Compressing objects:   8% (15/184)
2025-01-08T14:03:21.5268277Z remote: Compressing objects:   9% (17/184)
2025-01-08T14:03:21.5269241Z remote: Compressing objects:  10% (19/184)
2025-01-08T14:03:21.5270177Z remote: Compressing objects:  11% (21/184)
2025-01-08T14:03:21.5271104Z remote: Compressing objects:  12% (23/184)
2025-01-08T14:03:21.5272054Z remote: Compressing objects:  13% (24/184)
2025-01-08T14:03:21.5272970Z remote: Compressing objects:  14% (26/184)
2025-01-08T14:03:21.5273841Z remote: Compressing objects:  15% (28/184)
2025-01-08T14:03:21.5274808Z remote: Compressing objects:  16% (30/184)
2025-01-08T14:03:21.5275681Z remote: Compressing objects:  17% (32/184)
2025-01-08T14:03:21.5276556Z remote: Compressing objects:  18% (34/184)
2025-01-08T14:03:21.5277548Z remote: Compressing objects:  19% (35/184)
2025-01-08T14:03:21.5278458Z remote: Compressing objects:  20% (37/184)
2025-01-08T14:03:21.5279393Z remote: Compressing objects:  21% (39/184)
2025-01-08T14:03:21.5280527Z remote: Compressing objects:  22% (41/184)
2025-01-08T14:03:21.5281420Z remote: Compressing objects:  23% (43/184)
2025-01-08T14:03:21.5282820Z remote: Compressing objects:  24% (45/184)
2025-01-08T14:03:21.5283744Z remote: Compressing objects:  25% (46/184)
2025-01-08T14:03:21.5284636Z remote: Compressing objects:  26% (48/184)
2025-01-08T14:03:21.5285613Z remote: Compressing objects:  27% (50/184)
2025-01-08T14:03:21.5286531Z remote: Compressing objects:  28% (52/184)
2025-01-08T14:03:21.5287470Z remote: Compressing objects:  29% (54/184)
2025-01-08T14:03:21.5288375Z remote: Compressing objects:  30% (56/184)
2025-01-08T14:03:21.5289488Z remote: Compressing objects:  31% (58/184)
2025-01-08T14:03:21.5290417Z remote: Compressing objects:  32% (59/184)
2025-01-08T14:03:21.5291674Z remote: Compressing objects:  33% (61/184)
2025-01-08T14:03:21.5292618Z remote: Compressing objects:  34% (63/184)
2025-01-08T14:03:21.5293600Z remote: Compressing objects:  35% (65/184)
2025-01-08T14:03:21.5294512Z remote: Compressing objects:  36% (67/184)
2025-01-08T14:03:21.5295389Z remote: Compressing objects:  37% (69/184)
2025-01-08T14:03:21.5296362Z remote: Compressing objects:  38% (70/184)
2025-01-08T14:03:21.5297266Z remote: Compressing objects:  39% (72/184)
2025-01-08T14:03:21.5298207Z remote: Compressing objects:  40% (74/184)
2025-01-08T14:03:21.5299127Z remote: Compressing objects:  41% (76/184)
2025-01-08T14:03:21.5300005Z remote: Compressing objects:  42% (78/184)
2025-01-08T14:03:21.5300951Z remote: Compressing objects:  43% (80/184)
2025-01-08T14:03:21.5301848Z remote: Compressing objects:  44% (81/184)
2025-01-08T14:03:21.5302698Z remote: Compressing objects:  45% (83/184)
2025-01-08T14:03:21.5303943Z remote: Compressing objects:  46% (85/184)
2025-01-08T14:03:21.5305308Z remote: Compressing objects:  47% (87/184)
2025-01-08T14:03:21.5306518Z remote: Compressing objects:  48% (89/184)
2025-01-08T14:03:21.5307770Z remote: Compressing objects:  49% (91/184)
2025-01-08T14:03:21.5308719Z remote: Compressing objects:  50% (92/184)
2025-01-08T14:03:21.5310245Z remote: Compressing objects:  51% (94/184)
2025-01-08T14:03:21.5311682Z remote: Compressing objects:  52% (96/184)
2025-01-08T14:03:21.5313259Z remote: Compressing objects:  53% (98/184)
2025-01-08T14:03:21.5314866Z remote: Compressing objects:  54% (100/184)
2025-01-08T14:03:21.5316402Z remote: Compressing objects:  55% (102/184)
2025-01-08T14:03:21.5318410Z remote: Compressing objects:  56% (104/184)
2025-01-08T14:03:21.5320101Z remote: Compressing objects:  57% (105/184)
2025-01-08T14:03:21.5322096Z remote: Compressing objects:  58% (107/184)
2025-01-08T14:03:21.5323564Z remote: Compressing objects:  59% (109/184)
2025-01-08T14:03:21.5325667Z remote: Compressing objects:  60% (111/184)
2025-01-08T14:03:21.5327334Z remote: Compressing objects:  61% (113/184)
2025-01-08T14:03:21.5328965Z remote: Compressing objects:  62% (115/184)
2025-01-08T14:03:21.5331003Z remote: Compressing objects:  63% (116/184)
2025-01-08T14:03:21.5332487Z remote: Compressing objects:  64% (118/184)
2025-01-08T14:03:21.5333420Z remote: Compressing objects:  65% (120/184)
2025-01-08T14:03:21.5334395Z remote: Compressing objects:  66% (122/184)
2025-01-08T14:03:21.5335215Z remote: Compressing objects:  67% (124/184)
2025-01-08T14:03:21.5336065Z remote: Compressing objects:  68% (126/184)
2025-01-08T14:03:21.5337004Z remote: Compressing objects:  69% (127/184)
2025-01-08T14:03:21.5338020Z remote: Compressing objects:  70% (129/184)
2025-01-08T14:03:21.5339460Z remote: Compressing objects:  71% (131/184)
2025-01-08T14:03:21.5340855Z remote: Compressing objects:  72% (133/184)
2025-01-08T14:03:21.5341959Z remote: Compressing objects:  73% (135/184)
2025-01-08T14:03:21.5342893Z remote: Compressing objects:  74% (137/184)
2025-01-08T14:03:21.5344097Z remote: Compressing objects:  75% (138/184)
2025-01-08T14:03:21.5345383Z remote: Compressing objects:  76% (140/184)
2025-01-08T14:03:21.5347001Z remote: Compressing objects:  77% (142/184)
2025-01-08T14:03:21.5348280Z remote: Compressing objects:  78% (144/184)
2025-01-08T14:03:21.5349267Z remote: Compressing objects:  79% (146/184)
2025-01-08T14:03:21.5350674Z remote: Compressing objects:  80% (148/184)
2025-01-08T14:03:21.5352253Z remote: Compressing objects:  81% (150/184)
2025-01-08T14:03:21.5353877Z remote: Compressing objects:  82% (151/184)
2025-01-08T14:03:21.5355429Z remote: Compressing objects:  83% (153/184)
2025-01-08T14:03:21.5356993Z remote: Compressing objects:  84% (155/184)
2025-01-08T14:03:21.5358583Z remote: Compressing objects:  85% (157/184)
2025-01-08T14:03:21.5360122Z remote: Compressing objects:  86% (159/184)
2025-01-08T14:03:21.5361656Z remote: Compressing objects:  87% (161/184)
2025-01-08T14:03:21.5363262Z remote: Compressing objects:  88% (162/184)
2025-01-08T14:03:21.5364797Z remote: Compressing objects:  89% (164/184)
2025-01-08T14:03:21.5366375Z remote: Compressing objects:  90% (166/184)
2025-01-08T14:03:21.5367939Z remote: Compressing objects:  91% (168/184)
2025-01-08T14:03:21.5369369Z remote: Compressing objects:  92% (170/184)
2025-01-08T14:03:21.5370400Z remote: Compressing objects:  93% (172/184)
2025-01-08T14:03:21.5371790Z remote: Compressing objects:  94% (173/184)
2025-01-08T14:03:21.5372677Z remote: Compressing objects:  95% (175/184)
2025-01-08T14:03:21.5373667Z remote: Compressing objects:  96% (177/184)
2025-01-08T14:03:21.5374571Z remote: Compressing objects:  97% (179/184)
2025-01-08T14:03:21.5375409Z remote: Compressing objects:  98% (181/184)
2025-01-08T14:03:21.5376402Z remote: Compressing objects:  99% (183/184)
2025-01-08T14:03:21.5377458Z remote: Compressing objects: 100% (184/184)
2025-01-08T14:03:21.5378488Z remote: Compressing objects: 100% (184/184), done.
2025-01-08T14:03:21.5379487Z Receiving objects:   0% (1/198)
2025-01-08T14:03:21.5380166Z Receiving objects:   1% (2/198)
2025-01-08T14:03:21.5380914Z Receiving objects:   2% (4/198)
2025-01-08T14:03:21.5381572Z Receiving objects:   3% (6/198)
2025-01-08T14:03:21.5382221Z Receiving objects:   4% (8/198)
2025-01-08T14:03:21.5382987Z Receiving objects:   5% (10/198)
2025-01-08T14:03:21.5383663Z Receiving objects:   6% (12/198)
2025-01-08T14:03:21.5384394Z Receiving objects:   7% (14/198)
2025-01-08T14:03:21.5385082Z Receiving objects:   8% (16/198)
2025-01-08T14:03:21.5385739Z Receiving objects:   9% (18/198)
2025-01-08T14:03:21.5386431Z Receiving objects:  10% (20/198)
2025-01-08T14:03:21.5387123Z Receiving objects:  11% (22/198)
2025-01-08T14:03:21.5387818Z Receiving objects:  12% (24/198)
2025-01-08T14:03:21.5388547Z Receiving objects:  13% (26/198)
2025-01-08T14:03:21.5389217Z Receiving objects:  14% (28/198)
2025-01-08T14:03:21.5389878Z Receiving objects:  15% (30/198)
2025-01-08T14:03:21.5390626Z Receiving objects:  16% (32/198)
2025-01-08T14:03:21.5391302Z Receiving objects:  17% (34/198)
2025-01-08T14:03:21.5392008Z Receiving objects:  18% (36/198)
2025-01-08T14:03:21.5392706Z Receiving objects:  19% (38/198)
2025-01-08T14:03:21.5393402Z Receiving objects:  20% (40/198)
2025-01-08T14:03:21.5394151Z Receiving objects:  21% (42/198)
2025-01-08T14:03:21.5394862Z Receiving objects:  22% (44/198)
2025-01-08T14:03:21.5395502Z Receiving objects:  23% (46/198)
2025-01-08T14:03:21.5396249Z Receiving objects:  24% (48/198)
2025-01-08T14:03:21.5466488Z Receiving objects:  25% (50/198)
2025-01-08T14:03:21.5468033Z Receiving objects:  26% (52/198)
2025-01-08T14:03:21.5469692Z Receiving objects:  27% (54/198)
2025-01-08T14:03:21.5472020Z Receiving objects:  28% (56/198)
2025-01-08T14:03:21.5474141Z Receiving objects:  29% (58/198)
2025-01-08T14:03:21.5476233Z Receiving objects:  30% (60/198)
2025-01-08T14:03:21.5477699Z Receiving objects:  31% (62/198)
2025-01-08T14:03:21.5479298Z Receiving objects:  32% (64/198)
2025-01-08T14:03:21.5480406Z Receiving objects:  33% (66/198)
2025-01-08T14:03:21.5481266Z Receiving objects:  34% (68/198)
2025-01-08T14:03:21.5482297Z Receiving objects:  35% (70/198)
2025-01-08T14:03:21.5483165Z Receiving objects:  36% (72/198)
2025-01-08T14:03:21.5484238Z Receiving objects:  37% (74/198)
2025-01-08T14:03:21.5485617Z Receiving objects:  38% (76/198)
2025-01-08T14:03:21.5486896Z Receiving objects:  39% (78/198)
2025-01-08T14:03:21.5488362Z Receiving objects:  40% (80/198)
2025-01-08T14:03:21.5489458Z Receiving objects:  41% (82/198)
2025-01-08T14:03:21.5490355Z Receiving objects:  42% (84/198)
2025-01-08T14:03:21.5491669Z Receiving objects:  43% (86/198)
2025-01-08T14:03:21.5492680Z Receiving objects:  44% (88/198)
2025-01-08T14:03:21.5493688Z Receiving objects:  45% (90/198)
2025-01-08T14:03:21.5494761Z Receiving objects:  46% (92/198)
2025-01-08T14:03:21.5495741Z Receiving objects:  47% (94/198)
2025-01-08T14:03:21.5502384Z Receiving objects:  48% (96/198)
2025-01-08T14:03:21.5504292Z Receiving objects:  49% (98/198)
2025-01-08T14:03:21.5505501Z Receiving objects:  50% (99/198)
2025-01-08T14:03:21.5507017Z Receiving objects:  51% (101/198)
2025-01-08T14:03:21.5508639Z Receiving objects:  52% (103/198)
2025-01-08T14:03:21.5510727Z Receiving objects:  53% (105/198)
2025-01-08T14:03:21.5512882Z Receiving objects:  54% (107/198)
2025-01-08T14:03:21.5514795Z Receiving objects:  55% (109/198)
2025-01-08T14:03:21.5516987Z Receiving objects:  56% (111/198)
2025-01-08T14:03:21.5519115Z Receiving objects:  57% (113/198)
2025-01-08T14:03:21.5520593Z Receiving objects:  58% (115/198)
2025-01-08T14:03:21.5521911Z Receiving objects:  59% (117/198)
2025-01-08T14:03:21.5523243Z Receiving objects:  60% (119/198)
2025-01-08T14:03:21.5524544Z Receiving objects:  61% (121/198)
2025-01-08T14:03:21.5526252Z Receiving objects:  62% (123/198)
2025-01-08T14:03:21.5527463Z Receiving objects:  63% (125/198)
2025-01-08T14:03:21.5528950Z Receiving objects:  64% (127/198)
2025-01-08T14:03:21.5530173Z Receiving objects:  65% (129/198)
2025-01-08T14:03:21.5531676Z Receiving objects:  66% (131/198)
2025-01-08T14:03:21.5532936Z Receiving objects:  67% (133/198)
2025-01-08T14:03:21.5534145Z Receiving objects:  68% (135/198)
2025-01-08T14:03:21.5535305Z Receiving objects:  69% (137/198)
2025-01-08T14:03:21.5536555Z Receiving objects:  70% (139/198)
2025-01-08T14:03:21.5537688Z Receiving objects:  71% (141/198)
2025-01-08T14:03:21.5538795Z Receiving objects:  72% (143/198)
2025-01-08T14:03:21.5540013Z Receiving objects:  73% (145/198)
2025-01-08T14:03:21.5541135Z Receiving objects:  74% (147/198)
2025-01-08T14:03:21.5542330Z Receiving objects:  75% (149/198)
2025-01-08T14:03:21.5543446Z Receiving objects:  76% (151/198)
2025-01-08T14:03:21.5544545Z Receiving objects:  77% (153/198)
2025-01-08T14:03:21.5545752Z Receiving objects:  78% (155/198)
2025-01-08T14:03:21.5546889Z Receiving objects:  79% (157/198)
2025-01-08T14:03:21.5548018Z Receiving objects:  80% (159/198)
2025-01-08T14:03:21.5549216Z Receiving objects:  81% (161/198)
2025-01-08T14:03:21.5617975Z Receiving objects:  82% (163/198)
2025-01-08T14:03:21.5620021Z Receiving objects:  83% (165/198)
2025-01-08T14:03:21.5621852Z Receiving objects:  84% (167/198)
2025-01-08T14:03:21.5623075Z Receiving objects:  85% (169/198)
2025-01-08T14:03:21.5624257Z Receiving objects:  86% (171/198)
2025-01-08T14:03:21.5625474Z Receiving objects:  87% (173/198)
2025-01-08T14:03:21.5626988Z Receiving objects:  88% (175/198)
2025-01-08T14:03:21.5776336Z Receiving objects:  89% (177/198)
2025-01-08T14:03:21.5816150Z Receiving objects:  90% (179/198)
2025-01-08T14:03:21.5818747Z Receiving objects:  91% (181/198)
2025-01-08T14:03:21.6008770Z Receiving objects:  92% (183/198)
2025-01-08T14:03:21.6011283Z remote: Total 198 (delta 2), reused 156 (delta 0), pack-reused 0 (from 0)
2025-01-08T14:03:21.6020845Z Receiving objects:  93% (185/198)
2025-01-08T14:03:21.6022776Z Receiving objects:  94% (187/198)
2025-01-08T14:03:21.6024968Z Receiving objects:  95% (189/198)
2025-01-08T14:03:21.6026881Z Receiving objects:  96% (191/198)
2025-01-08T14:03:21.6028741Z Receiving objects:  97% (193/198)
2025-01-08T14:03:21.6030517Z Receiving objects:  98% (195/198)
2025-01-08T14:03:21.6032288Z Receiving objects:  99% (197/198)
2025-01-08T14:03:21.6033520Z Receiving objects: 100% (198/198)
2025-01-08T14:03:21.6035261Z Receiving objects: 100% (198/198), 957.20 KiB | 13.87 MiB/s, done.
2025-01-08T14:03:21.6037004Z Resolving deltas:   0% (0/2)
2025-01-08T14:03:21.6038077Z Resolving deltas:  50% (1/2)
2025-01-08T14:03:21.6039244Z Resolving deltas: 100% (2/2)
2025-01-08T14:03:21.6040381Z Resolving deltas: 100% (2/2), done.
2025-01-08T14:03:21.6127176Z From https://github.com/EchoCog/bolt.echo
2025-01-08T14:03:21.6129157Z  * [new ref]         a1429f43abf36b92069ad381e38bdb811a76ba62 -> origin/main
2025-01-08T14:03:21.6159507Z ##[endgroup]
2025-01-08T14:03:21.6161347Z ##[group]Determining the checkout info
2025-01-08T14:03:21.6163302Z ##[endgroup]
2025-01-08T14:03:21.6165114Z ##[group]Checking out the ref
2025-01-08T14:03:21.6167044Z [command]/usr/bin/git checkout --progress --force -B main refs/remotes/origin/main
2025-01-08T14:03:21.6410371Z Switched to a new branch 'main'
2025-01-08T14:03:21.6413828Z branch 'main' set up to track 'origin/main'.
2025-01-08T14:03:21.6421274Z ##[endgroup]
2025-01-08T14:03:21.6455098Z [command]/usr/bin/git log -1 --format='%H'
2025-01-08T14:03:21.6478328Z 'a1429f43abf36b92069ad381e38bdb811a76ba62'
2025-01-08T14:03:21.6768418Z ##[group]Run actions/setup-node@v3
2025-01-08T14:03:21.6769653Z with:
2025-01-08T14:03:21.6770455Z   always-auth: false
2025-01-08T14:03:21.6771756Z   check-latest: false
2025-01-08T14:03:21.6773069Z   token: ***
2025-01-08T14:03:21.6773933Z env:
2025-01-08T14:03:21.6775151Z   CLOUDFLARE_API_TOKEN: ***
2025-01-08T14:03:21.6776455Z   CLOUDFLARE_ACCOUNT_ID: ***
2025-01-08T14:03:21.6778842Z   ANTHROPIC_API_KEY: ***
2025-01-08T14:03:21.6781675Z   OPENAI_API_KEY: ***
2025-01-08T14:03:21.6782597Z ##[endgroup]
2025-01-08T14:03:21.8641319Z ##[group]Environment details
2025-01-08T14:03:22.2256129Z node: v18.20.5
2025-01-08T14:03:22.2257645Z npm: 10.8.2
2025-01-08T14:03:22.2258691Z yarn: 1.22.22
2025-01-08T14:03:22.2260412Z ##[endgroup]
2025-01-08T14:03:22.2437627Z ##[group]Run pnpm/action-setup@v4.0.0
2025-01-08T14:03:22.2438874Z with:
2025-01-08T14:03:22.2439758Z   dest: ~/setup-pnpm
2025-01-08T14:03:22.2440877Z   run_install: null
2025-01-08T14:03:22.2441900Z   package_json_file: package.json
2025-01-08T14:03:22.2443004Z   standalone: false
2025-01-08T14:03:22.2443965Z env:
2025-01-08T14:03:22.2445322Z   CLOUDFLARE_API_TOKEN: ***
2025-01-08T14:03:22.2446727Z   CLOUDFLARE_ACCOUNT_ID: ***
2025-01-08T14:03:22.2449038Z   ANTHROPIC_API_KEY: ***
2025-01-08T14:03:22.2452450Z   OPENAI_API_KEY: ***
2025-01-08T14:03:22.2453648Z ##[endgroup]
2025-01-08T14:03:22.3311570Z ##[group]Running self-installer...
2025-01-08T14:03:22.8884352Z Progress: resolved 1, reused 0, downloaded 0, added 0
2025-01-08T14:03:22.8962684Z Packages: +1
2025-01-08T14:03:22.8963656Z +
2025-01-08T14:03:23.2880853Z Progress: resolved 1, reused 0, downloaded 1, added 1, done
2025-01-08T14:03:23.3277931Z
2025-01-08T14:03:23.3279061Z dependencies:
2025-01-08T14:03:23.3280594Z + pnpm 9.4.0 (9.15.3 is available)
2025-01-08T14:03:23.3281319Z
2025-01-08T14:03:23.3309353Z Done in 836ms
2025-01-08T14:03:23.3475921Z ##[endgroup]
2025-01-08T14:03:23.3478982Z Installation Completed!
2025-01-08T14:03:23.3596280Z ##[group]Run pnpm install -g wrangler && pnpm install
2025-01-08T14:03:23.3597122Z pnpm install -g wrangler && pnpm install
2025-01-08T14:03:23.3695788Z shell: /usr/bin/bash -e {0}
2025-01-08T14:03:23.3696346Z env:
2025-01-08T14:03:23.3697289Z   CLOUDFLARE_API_TOKEN: ***
2025-01-08T14:03:23.3698249Z   CLOUDFLARE_ACCOUNT_ID: ***
2025-01-08T14:03:23.3699250Z   ANTHROPIC_API_KEY: ***
2025-01-08T14:03:23.3700471Z   OPENAI_API_KEY: ***
2025-01-08T14:03:23.3701067Z   PNPM_HOME: /home/runner/setup-pnpm/node_modules/.bin
2025-01-08T14:03:23.3701719Z ##[endgroup]
2025-01-08T14:03:24.2063531Z Progress: resolved 1, reused 0, downloaded 0, added 0
2025-01-08T14:03:25.2186596Z Progress: resolved 79, reused 0, downloaded 45, added 0
2025-01-08T14:03:25.4732553Z  WARN  2 deprecated subdependencies found: rollup-plugin-inject@3.0.2, sourcemap-codec@1.4.8
2025-01-08T14:03:25.4969347Z Packages: +70
2025-01-08T14:03:25.4971128Z ++++++++++++++++++++++++++++++++++++++++++++++++++++++++++++++++++++++
2025-01-08T14:03:26.1061992Z Progress: resolved 96, reused 0, downloaded 70, added 70, done
2025-01-08T14:03:26.1463077Z .../node_modules/workerd postinstall$ node install.js
2025-01-08T14:03:26.1467288Z .../esbuild@0.17.19/node_modules/esbuild postinstall$ node install.js
2025-01-08T14:03:26.2625728Z .../node_modules/workerd postinstall: Done
2025-01-08T14:03:26.2650912Z .../esbuild@0.17.19/node_modules/esbuild postinstall: Done
2025-01-08T14:03:29.4590899Z
2025-01-08T14:03:29.4592243Z /home/runner/setup-pnpm/node_modules/.bin/global/5:
2025-01-08T14:03:29.4592965Z + wrangler 3.100.0
2025-01-08T14:03:29.4593421Z
2025-01-08T14:03:29.4619901Z Done in 6s
2025-01-08T14:03:29.9891092Z Lockfile is up to date, resolution step is skipped
2025-01-08T14:03:30.0951412Z Progress: resolved 1, reused 0, downloaded 0, added 0
2025-01-08T14:03:30.2808358Z Packages: +1115
2025-01-08T14:03:30.2809476Z ++++++++++++++++++++++++++++++++++++++++++++++++++++++++++++++++++++++++++++++++
2025-01-08T14:03:31.0970231Z Progress: resolved 1115, reused 47, downloaded 108, added 154
2025-01-08T14:03:32.0993859Z Progress: resolved 1115, reused 47, downloaded 307, added 351
2025-01-08T14:03:33.0994628Z Progress: resolved 1115, reused 47, downloaded 554, added 599
2025-01-08T14:03:34.0999756Z Progress: resolved 1115, reused 47, downloaded 866, added 910
2025-01-08T14:03:35.0999344Z Progress: resolved 1115, reused 47, downloaded 1059, added 1100
2025-01-08T14:03:35.3727238Z Progress: resolved 1115, reused 47, downloaded 1068, added 1115, done
2025-01-08T14:03:35.7961210Z .../node_modules/@parcel/watcher install$ node scripts/build-from-source.js
2025-01-08T14:03:35.7969452Z .../esbuild@0.21.5/node_modules/esbuild postinstall$ node install.js
2025-01-08T14:03:35.7974883Z .../esbuild@0.17.6/node_modules/esbuild postinstall$ node install.js
2025-01-08T14:03:35.7976576Z .../esbuild@0.17.19/node_modules/esbuild postinstall$ node install.js
2025-01-08T14:03:35.8120746Z .../node_modules/workerd postinstall$ node install.js
2025-01-08T14:03:35.8652646Z .../node_modules/@parcel/watcher install: Done
2025-01-08T14:03:35.8971666Z .../esbuild@0.21.5/node_modules/esbuild postinstall: Done
2025-01-08T14:03:35.9353946Z .../esbuild@0.17.6/node_modules/esbuild postinstall: Done
2025-01-08T14:03:35.9367859Z .../node_modules/workerd postinstall: Done
2025-01-08T14:03:35.9528838Z .../esbuild@0.17.19/node_modules/esbuild postinstall: Done
2025-01-08T14:03:36.3872313Z
2025-01-08T14:03:36.3873413Z dependencies:
2025-01-08T14:03:36.3874547Z + @ai-sdk/anthropic 0.0.39
2025-01-08T14:03:36.3875688Z + @codemirror/autocomplete 6.17.0
2025-01-08T14:03:36.3877433Z + @codemirror/commands 6.6.0
2025-01-08T14:03:36.3878483Z + @codemirror/lang-cpp 6.0.2
2025-01-08T14:03:36.3880790Z + @codemirror/lang-css 6.2.1
2025-01-08T14:03:36.3881596Z + @codemirror/lang-html 6.4.9
2025-01-08T14:03:36.3882363Z + @codemirror/lang-javascript 6.2.2
2025-01-08T14:03:36.3883235Z + @codemirror/lang-json 6.0.1
2025-01-08T14:03:36.3883921Z + @codemirror/lang-markdown 6.2.5
2025-01-08T14:03:36.3885005Z + @codemirror/lang-python 6.1.6
2025-01-08T14:03:36.3885659Z + @codemirror/lang-sass 6.0.2
2025-01-08T14:03:36.3886217Z + @codemirror/lang-wast 6.0.2
2025-01-08T14:03:36.3886881Z + @codemirror/language 6.10.2
2025-01-08T14:03:36.3887433Z + @codemirror/search 6.5.6
2025-01-08T14:03:36.3887973Z + @codemirror/state 6.4.1
2025-01-08T14:03:36.3888879Z + @codemirror/view 6.28.4
2025-01-08T14:03:36.3889389Z + @iconify-json/ph 1.1.13
2025-01-08T14:03:36.3890876Z + @iconify-json/svg-spinners 1.1.2
2025-01-08T14:03:36.3891574Z + @lezer/highlight 1.2.0
2025-01-08T14:03:36.3892133Z + @nanostores/react 0.7.2
2025-01-08T14:03:36.3892863Z + @radix-ui/react-dialog 1.1.1
2025-01-08T14:03:36.3893509Z + @radix-ui/react-dropdown-menu 2.1.1
2025-01-08T14:03:36.3894274Z + @remix-run/cloudflare 2.10.2
2025-01-08T14:03:36.3894877Z + @remix-run/cloudflare-pages 2.10.2
2025-01-08T14:03:36.3895490Z + @remix-run/react 2.10.2
2025-01-08T14:03:36.3896152Z + @uiw/codemirror-theme-vscode 4.23.0
2025-01-08T14:03:36.3896751Z + @unocss/reset 0.61.3
2025-01-08T14:03:36.3897329Z + @webcontainer/api 1.3.0-internal.10
2025-01-08T14:03:36.3897989Z + @xterm/addon-fit 0.10.0
2025-01-08T14:03:36.3898644Z + @xterm/addon-web-links 0.11.0
2025-01-08T14:03:36.3899095Z + @xterm/xterm 5.5.0
2025-01-08T14:03:36.3899734Z + ai 3.3.4
2025-01-08T14:03:36.3900151Z + date-fns 3.6.0
2025-01-08T14:03:36.3900729Z + diff 5.2.0
2025-01-08T14:03:36.3901289Z + framer-motion 11.2.12
2025-01-08T14:03:36.3901816Z + isbot 4.4.0
2025-01-08T14:03:36.3902412Z + istextorbinary 9.5.0
2025-01-08T14:03:36.3902891Z + jose 5.6.3
2025-01-08T14:03:36.3903295Z + nanostores 0.10.3
2025-01-08T14:03:36.3903869Z + pnpm 9.15.2
2025-01-08T14:03:36.3904340Z + react 18.3.1
2025-01-08T14:03:36.3904863Z + react-dom 18.3.1
2025-01-08T14:03:36.3905364Z + react-hotkeys-hook 4.5.0
2025-01-08T14:03:36.3905934Z + react-markdown 9.0.1
2025-01-08T14:03:36.3906663Z + react-resizable-panels 2.0.20
2025-01-08T14:03:36.3907241Z + react-toastify 10.0.5
2025-01-08T14:03:36.3907706Z + rehype-raw 7.0.0
2025-01-08T14:03:36.3908417Z + rehype-sanitize 6.0.0
2025-01-08T14:03:36.3908954Z + remark-gfm 4.0.0
2025-01-08T14:03:36.3909486Z + remix-island 0.2.0
2025-01-08T14:03:36.3910047Z + remix-utils 7.6.0
2025-01-08T14:03:36.3910482Z + shiki 1.9.1
2025-01-08T14:03:36.3911062Z + unist-util-visit 5.0.0
2025-01-08T14:03:36.3911304Z
2025-01-08T14:03:36.3911567Z devDependencies:
2025-01-08T14:03:36.3912099Z + @blitz/eslint-plugin 0.1.0
2025-01-08T14:03:36.3912925Z + @cloudflare/workers-types 4.20240620.0
2025-01-08T14:03:36.3913559Z + @remix-run/dev 2.10.0
2025-01-08T14:03:36.3914191Z + @types/diff 5.2.1
2025-01-08T14:03:36.3914701Z + @types/node 22.10.5
2025-01-08T14:03:36.3915273Z + @types/react 18.3.3
2025-01-08T14:03:36.3915921Z + @types/react-dom 18.3.0
2025-01-08T14:03:36.3916436Z + @vitejs/plugin-react 4.3.4
2025-01-08T14:03:36.3917031Z + fast-glob 3.3.2
2025-01-08T14:03:36.3917645Z + is-ci 3.0.1
2025-01-08T14:03:36.3918106Z + node-fetch 3.3.2
2025-01-08T14:03:36.3918811Z + prettier 3.3.2
2025-01-08T14:03:36.3919270Z + sass 1.83.0
2025-01-08T14:03:36.3919791Z + typescript 5.5.2
2025-01-08T14:03:36.3920405Z + unified 11.0.5
2025-01-08T14:03:36.3920875Z + unocss 0.61.3
2025-01-08T14:03:36.3921348Z + vite 5.3.1
2025-01-08T14:03:36.3922081Z + vite-plugin-node-polyfills 0.22.0
2025-01-08T14:03:36.3922864Z + vite-plugin-optimize-css-modules 1.1.0
2025-01-08T14:03:36.3923476Z + vite-tsconfig-paths 4.3.2
2025-01-08T14:03:36.3924115Z + vitest 2.1.8
2025-01-08T14:03:36.3924617Z + wrangler 3.63.2
2025-01-08T14:03:36.3925185Z + zod 3.23.8
2025-01-08T14:03:36.3925489Z
2025-01-08T14:03:36.4150945Z Done in 6.8s
2025-01-08T14:03:36.4742108Z ##[group]Run pnpm run build
2025-01-08T14:03:36.4742618Z pnpm run build
2025-01-08T14:03:36.4802191Z shell: /usr/bin/bash -e {0}
2025-01-08T14:03:36.4802565Z env:
2025-01-08T14:03:36.4803065Z   CLOUDFLARE_API_TOKEN: ***
2025-01-08T14:03:36.4803556Z   CLOUDFLARE_ACCOUNT_ID: ***
2025-01-08T14:03:36.4804248Z   ANTHROPIC_API_KEY: ***
2025-01-08T14:03:36.4804971Z   OPENAI_API_KEY: ***
2025-01-08T14:03:36.4805425Z   PNPM_HOME: /home/runner/setup-pnpm/node_modules/.bin
2025-01-08T14:03:36.4805800Z ##[endgroup]
2025-01-08T14:03:36.9082090Z
2025-01-08T14:03:36.9083043Z > bolt@ build /home/runner/work/bolt.echo/bolt.echo
2025-01-08T14:03:36.9083713Z > remix vite:build --force
2025-01-08T14:03:36.9084158Z
2025-01-08T14:03:41.6124357Z vite v5.3.1 building for production...
2025-01-08T14:03:41.6645764Z transforming...
2025-01-08T14:03:42.0120436Z DEPRECATION WARNING: The legacy JS API is deprecated and will be removed in Dart Sass 2.0.0.
2025-01-08T14:03:42.0121596Z
2025-01-08T14:03:42.0122000Z More info: https://sass-lang.com/d/legacy-js-api
2025-01-08T14:03:42.0122467Z
2025-01-08T14:03:42.0356572Z DEPRECATION WARNING: Sass @import rules are deprecated and will be removed in Dart Sass 3.0.0.
2025-01-08T14:03:42.0357156Z
2025-01-08T14:03:42.0357877Z More info and automated migrator: https://sass-lang.com/d/import
2025-01-08T14:03:42.0358274Z
2025-01-08T14:03:42.0358647Z   ╷
2025-01-08T14:03:42.0359062Z 1 │ @import './variables.scss';
2025-01-08T14:03:42.0360165Z   │         ^^^^^^^^^^^^^^^^^^
2025-01-08T14:03:42.0360466Z   ╵
2025-01-08T14:03:42.0360794Z     app/styles/index.scss 1:9  root stylesheet
2025-01-08T14:03:42.0361149Z
2025-01-08T14:03:42.0366044Z DEPRECATION WARNING: Sass @import rules are deprecated and will be removed in Dart Sass 3.0.0.
2025-01-08T14:03:42.0366614Z
2025-01-08T14:03:42.0366958Z More info and automated migrator: https://sass-lang.com/d/import
2025-01-08T14:03:42.0367236Z
2025-01-08T14:03:42.0367534Z   ╷
2025-01-08T14:03:42.0367894Z 2 │ @import './z-index.scss';
2025-01-08T14:03:42.0368242Z   │         ^^^^^^^^^^^^^^^^
2025-01-08T14:03:42.0368640Z   ╵
2025-01-08T14:03:42.0368977Z     app/styles/index.scss 2:9  root stylesheet
2025-01-08T14:03:42.0369239Z
2025-01-08T14:03:42.0375588Z DEPRECATION WARNING: Sass @import rules are deprecated and will be removed in Dart Sass 3.0.0.
2025-01-08T14:03:42.0376238Z
2025-01-08T14:03:42.0376568Z More info and automated migrator: https://sass-lang.com/d/import
2025-01-08T14:03:42.0376885Z
2025-01-08T14:03:42.0377060Z   ╷
2025-01-08T14:03:42.0377443Z 3 │ @import './animations.scss';
2025-01-08T14:03:42.0377876Z   │         ^^^^^^^^^^^^^^^^^^^
2025-01-08T14:03:42.0378194Z   ╵
2025-01-08T14:03:42.0378591Z     app/styles/index.scss 3:9  root stylesheet
2025-01-08T14:03:42.0378885Z
2025-01-08T14:03:42.0382910Z DEPRECATION WARNING: Sass @import rules are deprecated and will be removed in Dart Sass 3.0.0.
2025-01-08T14:03:42.0383477Z
2025-01-08T14:03:42.0383764Z More info and automated migrator: https://sass-lang.com/d/import
2025-01-08T14:03:42.0384210Z
2025-01-08T14:03:42.0384368Z   ╷
2025-01-08T14:03:42.0384752Z 4 │ @import './components/terminal.scss';
2025-01-08T14:03:42.0385245Z   │         ^^^^^^^^^^^^^^^^^^^^^^^^^^^^
2025-01-08T14:03:42.0385620Z   ╵
2025-01-08T14:03:42.0385936Z     app/styles/index.scss 4:9  root stylesheet
2025-01-08T14:03:42.0386248Z
2025-01-08T14:03:42.0388829Z DEPRECATION WARNING: Sass @import rules are deprecated and will be removed in Dart Sass 3.0.0.
2025-01-08T14:03:42.0389371Z
2025-01-08T14:03:42.0389666Z More info and automated migrator: https://sass-lang.com/d/import
2025-01-08T14:03:42.0389991Z
2025-01-08T14:03:42.0390125Z   ╷
2025-01-08T14:03:42.0390669Z 5 │ @import './components/resize-handle.scss';
2025-01-08T14:03:42.0391136Z   │         ^^^^^^^^^^^^^^^^^^^^^^^^^^^^^^^^^
2025-01-08T14:03:42.0391568Z   ╵
2025-01-08T14:03:42.0391914Z     app/styles/index.scss 5:9  root stylesheet
2025-01-08T14:03:42.0392161Z
2025-01-08T14:03:42.1981752Z WARNING: 3 repetitive deprecation warnings omitted.
2025-01-08T14:03:42.1982312Z
2025-01-08T14:03:42.3756745Z DEPRECATION WARNING: The legacy JS API is deprecated and will be removed in Dart Sass 2.0.0.
2025-01-08T14:03:42.3757255Z
2025-01-08T14:03:42.3757689Z More info: https://sass-lang.com/d/legacy-js-api
2025-01-08T14:03:42.3758012Z
2025-01-08T14:03:43.6865995Z DEPRECATION WARNING: The legacy JS API is deprecated and will be removed in Dart Sass 2.0.0.
2025-01-08T14:03:43.6866977Z
2025-01-08T14:03:43.6867513Z More info: https://sass-lang.com/d/legacy-js-api
2025-01-08T14:03:43.6867972Z
2025-01-08T14:03:45.1209823Z DEPRECATION WARNING: The legacy JS API is deprecated and will be removed in Dart Sass 2.0.0.
2025-01-08T14:03:45.1210893Z
2025-01-08T14:03:45.1211793Z More info: https://sass-lang.com/d/legacy-js-api
2025-01-08T14:03:45.1212165Z
2025-01-08T14:03:56.1578234Z ✓ 1516 modules transformed.
2025-01-08T14:03:56.2798942Z Generated an empty chunk: "api.enhancer".
2025-01-08T14:03:56.8345727Z Generated an empty chunk: "api.chat".
2025-01-08T14:03:58.3690984Z rendering chunks...
2025-01-08T14:04:00.0873840Z computing gzip size...
2025-01-08T14:04:00.6071848Z build/client/.vite/manifest.json                            130.27 kB │ gzip:  10.12 kB
2025-01-08T14:04:00.6080105Z build/client/assets/tailwind-compat-CC20SAMN.css              2.25 kB │ gzip:   1.00 kB
2025-01-08T14:04:00.6086835Z build/client/assets/_index-D_NZK3VS.css                       2.61 kB │ gzip:   0.96 kB
2025-01-08T14:04:00.6094138Z build/client/assets/xterm-lQO2bNqs.css                        4.08 kB │ gzip:   1.67 kB
2025-01-08T14:04:00.6100589Z build/client/assets/ReactToastify-CYivYX3d.css               14.19 kB │ gzip:   2.71 kB
2025-01-08T14:04:00.6107056Z build/client/assets/index-CPTzpSUP.css                       17.01 kB │ gzip:   2.78 kB
2025-01-08T14:04:00.6113077Z build/client/assets/root-CT7ORyT6.css                        48.97 kB │ gzip:   9.36 kB
2025-01-08T14:04:00.6120807Z build/client/assets/api.enhancer-l0sNRNKZ.js                  0.00 kB │ gzip:   0.02 kB
2025-01-08T14:04:00.6128566Z build/client/assets/api.chat-l0sNRNKZ.js                      0.00 kB │ gzip:   0.02 kB
2025-01-08T14:04:00.6135150Z build/client/assets/chat._id-mdcGMC3x.js                      0.12 kB │ gzip:   0.12 kB
2025-01-08T14:04:00.6141089Z build/client/assets/_index-Cj_knO7C.js                        0.14 kB │ gzip:   0.13 kB
2025-01-08T14:04:00.6147677Z build/client/assets/codeowners-CGmujMTu.js                    0.48 kB │ gzip:   0.30 kB
2025-01-08T14:04:00.6154015Z build/client/assets/tsv-DnLUQrgA.js                           0.63 kB │ gzip:   0.33 kB
2025-01-08T14:04:00.6193332Z build/client/assets/shellsession-4WldjxEd.js                  0.68 kB │ gzip:   0.43 kB
2025-01-08T14:04:00.6209715Z build/client/assets/qmldir-MS3qTAOR.js                        0.88 kB │ gzip:   0.43 kB
2025-01-08T14:04:00.6215321Z build/client/assets/git-rebase-CtmYztAk.js                    0.89 kB │ gzip:   0.41 kB
2025-01-08T14:04:00.6220942Z build/client/assets/html-derivative-CvQVKW9i.js               0.91 kB │ gzip:   0.51 kB
2025-01-08T14:04:00.6226044Z build/client/assets/fortran-fixed-form-CdVjoHtb.js            1.01 kB │ gzip:   0.53 kB
2025-01-08T14:04:00.6231238Z build/client/assets/csv-B2DkETJQ.js                           1.04 kB │ gzip:   0.35 kB
2025-01-08T14:04:00.6243291Z build/client/assets/theme-BWxkTfS7.js                         1.22 kB │ gzip:   0.67 kB
2025-01-08T14:04:00.6248332Z build/client/assets/xsl-bm8RKyr3.js                           1.26 kB │ gzip:   0.50 kB
2025-01-08T14:04:00.6253966Z build/client/assets/ini-DeVv6D4_.js                           1.36 kB │ gzip:   0.48 kB
2025-01-08T14:04:00.6259379Z build/client/assets/git-commit-BleTlbuD.js                    1.42 kB │ gzip:   0.64 kB
2025-01-08T14:04:00.6263716Z build/client/assets/sparql-BgtC_-ln.js                        1.43 kB │ gzip:   0.81 kB
2025-01-08T14:04:00.6267713Z build/client/assets/docker-DNR26wTC.js                        1.52 kB │ gzip:   0.56 kB
2025-01-08T14:04:00.6271792Z build/client/assets/wenyan-D3VXSfF0.js                        1.55 kB │ gzip:   1.09 kB
2025-01-08T14:04:00.6275889Z build/client/assets/hxml-C5imjkyf.js                          1.72 kB │ gzip:   0.88 kB
2025-01-08T14:04:00.6279883Z build/client/assets/desktop-D71BffLY.js                       1.81 kB │ gzip:   0.76 kB
2025-01-08T14:04:00.6284003Z build/client/assets/berry-CxrokwfH.js                         2.08 kB │ gzip:   0.77 kB
2025-01-08T14:04:00.6287947Z build/client/assets/reg-CrhH3_Og.js                           2.15 kB │ gzip:   0.69 kB
2025-01-08T14:04:00.6292171Z build/client/assets/erb-C4FIxXpw.js                           2.16 kB │ gzip:   0.71 kB
2025-01-08T14:04:00.6296210Z build/client/assets/diff-DvyTQcux.js                          2.38 kB │ gzip:   0.71 kB
2025-01-08T14:04:00.6300128Z build/client/assets/gleam-Dd6f7Z5P.js                         2.44 kB │ gzip:   0.83 kB
2025-01-08T14:04:00.6304216Z build/client/assets/index-D60nNUrc.js                         2.48 kB │ gzip:   1.53 kB
2025-01-08T14:04:00.6308072Z build/client/assets/log-Ksn5IXup.js                           2.50 kB │ gzip:   0.86 kB
2025-01-08T14:04:00.6312061Z build/client/assets/json-CupVZNk8.js                          2.64 kB │ gzip:   0.80 kB
2025-01-08T14:04:00.6316065Z build/client/assets/index-CNFMtRe1.js                         2.69 kB │ gzip:   1.54 kB
2025-01-08T14:04:00.6319924Z build/client/assets/jssm-Dble9ECP.js                          2.74 kB │ gzip:   0.68 kB
2025-01-08T14:04:00.6335245Z build/client/assets/jsonl-BUpeXbsf.js                         2.83 kB │ gzip:   0.82 kB
2025-01-08T14:04:00.6337303Z build/client/assets/jsonc-DYI1rfmx.js                         2.93 kB │ gzip:   0.82 kB
2025-01-08T14:04:00.6339665Z build/client/assets/po-HrnDn_2Q.js                            2.97 kB │ gzip:   0.96 kB
2025-01-08T14:04:00.6341887Z build/client/assets/tasl-BxwAa5i0.js                          3.03 kB │ gzip:   0.85 kB
2025-01-08T14:04:00.6343888Z build/client/assets/genie-DAfrLhwG.js                         3.05 kB │ gzip:   1.19 kB
2025-01-08T14:04:00.6345829Z build/client/assets/vala-CO5hpdkB.js                          3.08 kB │ gzip:   1.17 kB
2025-01-08T14:04:00.6347918Z build/client/assets/rel-6Kuza3Wr.js                           3.08 kB │ gzip:   1.10 kB
2025-01-08T14:04:00.6350222Z build/client/assets/hy-C3qJFuQy.js                            3.08 kB │ gzip:   1.58 kB
2025-01-08T14:04:00.6352123Z build/client/assets/logo-DdacRhvC.js                          3.09 kB │ gzip:   1.46 kB
2025-01-08T14:04:00.6354150Z build/client/assets/json5-Bh8mriwU.js                         3.20 kB │ gzip:   0.93 kB
2025-01-08T14:04:00.6356162Z build/client/assets/jsonnet-C9d3aiqh.js                       3.25 kB │ gzip:   1.06 kB
2025-01-08T14:04:00.6358319Z build/client/assets/fluent-KPqz0Sb3.js                        3.32 kB │ gzip:   0.87 kB
2025-01-08T14:04:00.6360295Z build/client/assets/narrat-B9CT-1u6.js                        3.33 kB │ gzip:   1.10 kB
2025-01-08T14:04:00.6362423Z build/client/assets/turtle-C15OxdQ5.js                        3.36 kB │ gzip:   0.95 kB
2025-01-08T14:04:00.6364418Z build/client/assets/ssh-config-BH1M7C1g.js                    3.46 kB │ gzip:   1.57 kB
2025-01-08T14:04:00.6366532Z build/client/assets/splunk-6XBPEST2.js                        3.65 kB │ gzip:   1.63 kB
2025-01-08T14:04:00.6368579Z build/client/assets/smalltalk-DSsji4Hu.js                     3.81 kB │ gzip:   1.22 kB
2025-01-08T14:04:00.6370992Z build/client/assets/glsl-DNg5e6rY.js                          3.84 kB │ gzip:   1.42 kB
2025-01-08T14:04:00.6373044Z build/client/assets/bicep-3ghuYFLd.js                         3.87 kB │ gzip:   1.05 kB
2025-01-08T14:04:00.6375086Z build/client/assets/pascal-BvCdDh2R.js                        3.90 kB │ gzip:   1.65 kB
2025-01-08T14:04:00.6377205Z build/client/assets/zenscript-B1nm99XP.js                     3.93 kB │ gzip:   1.40 kB
2025-01-08T14:04:00.6379223Z build/client/assets/entry.client-CJOmFTFY.js                  4.06 kB │ gzip:   1.53 kB
2025-01-08T14:04:00.6381326Z build/client/assets/http-mWhOz2-8.js                          4.14 kB │ gzip:   1.11 kB
2025-01-08T14:04:00.6383354Z build/client/assets/nextflow-DBxHOdLe.js                      4.30 kB │ gzip:   1.24 kB
2025-01-08T14:04:00.6385351Z build/client/assets/fennel-C6XIsc4F.js                        4.48 kB │ gzip:   1.53 kB
2025-01-08T14:04:00.6387769Z build/client/assets/bibtex-BaedD2tq.js                        4.49 kB │ gzip:   0.78 kB
2025-01-08T14:04:00.6389742Z build/client/assets/tcl-C_8Fx7bH.js                           4.52 kB │ gzip:   1.67 kB
2025-01-08T14:04:00.6391816Z build/client/assets/qml-DcMLa_hy.js                           4.79 kB │ gzip:   1.35 kB
2025-01-08T14:04:00.6393775Z build/client/assets/gdresource-nSffpn2A.js                    4.86 kB │ gzip:   1.34 kB
2025-01-08T14:04:00.6395734Z build/client/assets/zig-xtV5iK4E.js                           4.90 kB │ gzip:   1.57 kB
2025-01-08T14:04:00.6398180Z build/client/assets/xml-KWQaRJyt.js                           4.91 kB │ gzip:   1.19 kB
2025-01-08T14:04:00.6400404Z build/client/assets/awk-i0IPvypD.js                           4.97 kB │ gzip:   1.37 kB
2025-01-08T14:04:00.6402260Z build/client/assets/fish-DfeQjIbs.js                          5.02 kB │ gzip:   1.69 kB
2025-01-08T14:04:00.6404066Z build/client/assets/jinja-DwshyRC8.js                         5.14 kB │ gzip:   1.39 kB
2025-01-08T14:04:00.6406093Z build/client/assets/powerquery-CApMHEaB.js                    5.30 kB │ gzip:   1.49 kB
2025-01-08T14:04:00.6408022Z build/client/assets/dax-DsfXcHUZ.js                           5.32 kB │ gzip:   2.29 kB
2025-01-08T14:04:00.6409948Z build/client/assets/verilog-DVfdqzEq.js                       5.44 kB │ gzip:   1.85 kB
2025-01-08T14:04:00.6412227Z build/client/assets/prisma-BBJYjQ0k.js                        5.51 kB │ gzip:   1.34 kB
2025-01-08T14:04:00.6414061Z build/client/assets/gdshader-B_SUYfiV.js                      5.73 kB │ gzip:   1.72 kB
2025-01-08T14:04:00.6416124Z build/client/assets/proto-DOtRmeXT.js                         5.77 kB │ gzip:   1.38 kB
2025-01-08T14:04:00.6418158Z build/client/assets/vb-beD-FUib.js                            5.79 kB │ gzip:   2.33 kB
2025-01-08T14:04:00.6419982Z build/client/assets/red-jaXbsbtS.js                           5.90 kB │ gzip:   1.55 kB
2025-01-08T14:04:00.6422119Z build/client/assets/wgsl-BZz1Hhek.js                          5.90 kB │ gzip:   1.67 kB
2025-01-08T14:04:00.6423944Z build/client/assets/shaderlab-DBpbMEBh.js                     5.90 kB │ gzip:   2.08 kB
2025-01-08T14:04:00.6425953Z build/client/assets/toml-BT9ZzGyQ.js                          5.91 kB │ gzip:   1.36 kB
2025-01-08T14:04:00.6428114Z build/client/assets/postcss-DXT9h7v2.js                       5.96 kB │ gzip:   1.89 kB
2025-01-08T14:04:00.6430086Z build/client/assets/soy-DhLnWwFA.js                           6.11 kB │ gzip:   1.64 kB
2025-01-08T14:04:00.6432042Z build/client/assets/min-dark-iSbrOpM4.js                      6.12 kB │ gzip:   1.70 kB
2025-01-08T14:04:00.6434283Z build/client/assets/clojure-BF6G6X0H.js                       6.14 kB │ gzip:   1.46 kB
2025-01-08T14:04:00.6436265Z build/client/assets/solarized-light-xPNGhBYe.js               6.15 kB │ gzip:   1.69 kB
2025-01-08T14:04:00.6439023Z build/client/assets/cypher-ByMv4Xf1.js                        6.21 kB │ gzip:   1.81 kB
2025-01-08T14:04:00.6440878Z build/client/assets/solarized-dark-C86elO-m.js                6.52 kB │ gzip:   1.77 kB
2025-01-08T14:04:00.6442198Z build/client/assets/ara-CG4fK2Nq.js                           6.56 kB │ gzip:   2.11 kB
2025-01-08T14:04:00.6444119Z build/client/assets/dart-DZLoTQm4.js                          6.64 kB │ gzip:   1.83 kB
2025-01-08T14:04:00.6446311Z build/client/assets/min-light-BITGhEdf.js                     6.81 kB │ gzip:   1.86 kB
2025-01-08T14:04:00.6447841Z build/client/assets/riscv-AgnqFTPX.js                         6.91 kB │ gzip:   2.20 kB
2025-01-08T14:04:00.6449113Z build/client/assets/hlsl-DmDrTTlz.js                          7.16 kB │ gzip:   2.22 kB
2025-01-08T14:04:00.6450246Z build/client/assets/systemd-CuJfdYLG.js                       7.26 kB │ gzip:   2.53 kB
2025-01-08T14:04:00.6452164Z build/client/assets/qss-FJDVp-XM.js                           7.43 kB │ gzip:   2.57 kB
2025-01-08T14:04:00.6453537Z build/client/assets/regexp-C_ZPRiAj.js                        7.46 kB │ gzip:   1.48 kB
2025-01-08T14:04:00.6454542Z
2025-01-08T14:04:00.6455032Z (!) Some chunks are larger than 500 kB after minification. Consider:
2025-01-08T14:04:00.6455643Z - Using dynamic import() to code-split the application
2025-01-08T14:04:00.6456611Z - Use build.rollupOptions.output.manualChunks to improve chunking: https://rollupjs.org/configuration-options/#output-manualchunks
2025-01-08T14:04:00.6457718Z - Adjust chunk size limit for this warning via build.chunkSizeWarningLimit.
2025-01-08T14:04:00.6458748Z build/client/assets/monokai-sMI-pExk.js                       7.47 kB │ gzip:   1.86 kB
2025-01-08T14:04:00.6459812Z build/client/assets/typst-I4qd5QHW.js                         7.62 kB │ gzip:   1.68 kB
2025-01-08T14:04:00.6460939Z build/client/assets/haml-BsKmeTIz.js                          7.80 kB │ gzip:   2.00 kB
2025-01-08T14:04:00.6462036Z build/client/assets/scheme-1Je9_Reo.js                        7.92 kB │ gzip:   2.64 kB
2025-01-08T14:04:00.6463075Z build/client/assets/kotlin-BIxS-Weu.js                        7.92 kB │ gzip:   2.10 kB
2025-01-08T14:04:00.6464452Z build/client/assets/plsql-BbJj1K1w.js                         7.98 kB │ gzip:   2.96 kB
2025-01-08T14:04:00.6465633Z build/client/assets/make-B9S9BZZh.js                          8.14 kB │ gzip:   1.74 kB
2025-01-08T14:04:00.6466734Z build/client/assets/vue-html-BQKlc1uT.js                      8.34 kB │ gzip:   1.92 kB
2025-01-08T14:04:00.6467826Z build/client/assets/dark-plus-KEYLhlmT.js                     8.47 kB │ gzip:   2.03 kB
2025-01-08T14:04:00.6469060Z build/client/assets/sass-CMDmr8et.js                          8.52 kB │ gzip:   2.46 kB
2025-01-08T14:04:00.6470075Z build/client/assets/slack-dark-C7oZ9nno.js                    8.69 kB │ gzip:   1.94 kB
2025-01-08T14:04:00.6471170Z build/client/assets/tex-Dk885XYG.js                           8.71 kB │ gzip:   2.89 kB
2025-01-08T14:04:00.6472187Z build/client/assets/andromeeda-YxQm0tCS.js                    8.75 kB │ gzip:   2.30 kB
2025-01-08T14:04:00.6473255Z build/client/assets/jison-5Ig0VrXv.js                         8.76 kB │ gzip:   1.84 kB
2025-01-08T14:04:00.6475666Z build/client/assets/slack-ochin-hXH8Gyq8.js                   9.09 kB │ gzip:   2.07 kB
2025-01-08T14:04:00.6477019Z build/client/assets/rst-5AUMhdsS.js                           9.23 kB │ gzip:   2.30 kB
2025-01-08T14:04:00.6478178Z build/client/assets/sas-WQZNIjpJ.js                           9.33 kB │ gzip:   4.05 kB
2025-01-08T14:04:00.6479718Z build/client/assets/light-plus-BsvsQ1iS.js                    9.33 kB │ gzip:   2.20 kB
2025-01-08T14:04:00.6480810Z build/client/assets/dream-maker-Eh5U-gDp.js                   9.54 kB │ gzip:   2.34 kB
2025-01-08T14:04:00.6482000Z build/client/assets/beancount-Urb1RsFe.js                     9.64 kB │ gzip:   1.49 kB
2025-01-08T14:04:00.6483090Z build/client/assets/gherkin-DjTlIhuc.js                       9.89 kB │ gzip:   5.11 kB
2025-01-08T14:04:00.6484207Z build/client/assets/cadence-Bgpqy2XC.js                       9.89 kB │ gzip:   2.27 kB
2025-01-08T14:04:00.6485575Z build/client/assets/raku-D384ylkT.js                         10.02 kB │ gzip:   2.93 kB
2025-01-08T14:04:00.6486571Z build/client/assets/yaml-C5gCGmDW.js                         10.08 kB │ gzip:   2.32 kB
2025-01-08T14:04:00.6487700Z build/client/assets/elm-CTSLo1i4.js                          10.09 kB │ gzip:   2.18 kB
2025-01-08T14:04:00.6489020Z build/client/assets/cmake-DXZpi2gR.js                        10.13 kB │ gzip:   3.56 kB
2025-01-08T14:04:00.6490177Z build/client/assets/hcl-CpAANOdC.js                          10.67 kB │ gzip:   2.45 kB
2025-01-08T14:04:00.6491664Z build/client/assets/github-light-CRlnGVMD.js                 10.84 kB │ gzip:   2.48 kB
2025-01-08T14:04:00.6493007Z build/client/assets/puppet-37ic6j3l.js                       10.85 kB │ gzip:   2.25 kB
2025-01-08T14:04:00.6494170Z build/client/assets/prolog-BH_RS3WO.js                       11.04 kB │ gzip:   3.82 kB
2025-01-08T14:04:00.6495184Z build/client/assets/github-dark-CzPA46E-.js                  11.06 kB │ gzip:   2.53 kB
2025-01-08T14:04:00.6496520Z build/client/assets/handlebars-C0vBBVRa.js                   11.12 kB │ gzip:   2.38 kB
2025-01-08T14:04:00.6498554Z build/client/assets/hjson-DZqG9GXz.js                        11.58 kB │ gzip:   1.84 kB
2025-01-08T14:04:00.6500230Z build/client/assets/bat-BPiaQZfK.js                          11.95 kB │ gzip:   3.24 kB
2025-01-08T14:04:00.6501380Z build/client/assets/terraform-DBeuZS66.js                    12.07 kB │ gzip:   3.08 kB
2025-01-08T14:04:00.6502478Z build/client/assets/v-C2TBxDwV.js                            12.13 kB │ gzip:   2.80 kB
2025-01-08T14:04:00.6503494Z build/client/assets/vesper-BSB_bK09.js                       12.27 kB │ gzip:   1.95 kB
2025-01-08T14:04:00.6504876Z build/client/assets/apache-rS0jd3Ly.js                       12.35 kB │ gzip:   3.76 kB
2025-01-08T14:04:00.6505932Z build/client/assets/vitesse-light-Br6ll-O0.js                12.98 kB │ gzip:   2.99 kB
2025-01-08T14:04:00.6507029Z build/client/assets/vitesse-black-B3g-KkBK.js                13.04 kB │ gzip:   3.02 kB
2025-01-08T14:04:00.6508105Z build/client/assets/vitesse-dark-Bxkoe-BC.js                 13.12 kB │ gzip:   3.02 kB
2025-01-08T14:04:00.6509119Z build/client/assets/clarity-CIekO_uJ.js                      13.21 kB │ gzip:   2.44 kB
2025-01-08T14:04:00.6510209Z build/client/assets/aurora-x-BaWyeHV_.js                     13.25 kB │ gzip:   2.26 kB
2025-01-08T14:04:00.6512449Z build/client/assets/actionscript-3-BigF1UXR.js               13.25 kB │ gzip:   2.78 kB
2025-01-08T14:04:00.6513521Z build/client/assets/pug-BmZh5kCX.js                          13.39 kB │ gzip:   2.91 kB
2025-01-08T14:04:00.6514880Z build/client/assets/synthwave-84-BBDuFDsq.js                 13.44 kB │ gzip:   2.83 kB
2025-01-08T14:04:00.6516094Z build/client/assets/nix-B7rNE5kf.js                          13.64 kB │ gzip:   2.31 kB
2025-01-08T14:04:00.6517290Z build/client/assets/github-light-default-UREJT2Bw.js         13.75 kB │ gzip:   3.02 kB
2025-01-08T14:04:00.6518368Z build/client/assets/lua-BPmF2VOm.js                          13.85 kB │ gzip:   3.13 kB
2025-01-08T14:04:00.6519424Z build/client/assets/github-dark-dimmed-CRDKj6ck.js           14.03 kB │ gzip:   3.10 kB
2025-01-08T14:04:00.6520648Z build/client/assets/github-dark-default-BXF7Vm5l.js          14.03 kB │ gzip:   3.10 kB
2025-01-08T14:04:00.6521718Z build/client/assets/solidity-CThH5sBG.js                     14.48 kB │ gzip:   3.06 kB
2025-01-08T14:04:00.6522809Z build/client/assets/ayu-dark-Bn5gmY5k.js                     14.51 kB │ gzip:   3.05 kB
2025-01-08T14:04:00.6523829Z build/client/assets/wasm-Cicx_DS6.js                         14.51 kB │ gzip:   2.85 kB
2025-01-08T14:04:00.6524990Z build/client/assets/liquid-Dj-jsJFu.js                       14.86 kB │ gzip:   2.90 kB
2025-01-08T14:04:00.6526646Z build/client/assets/angular-html-DZQ5UQWW.js                 14.91 kB │ gzip:   3.39 kB
2025-01-08T14:04:00.6527739Z build/client/assets/purescript-CfPQhs6g.js                   14.97 kB │ gzip:   2.61 kB
2025-01-08T14:04:00.6528817Z build/client/assets/cue-C6Aznpr-.js                          15.16 kB │ gzip:   2.05 kB
2025-01-08T14:04:00.6529908Z build/client/assets/svelte-DavKDhWY.js                       15.60 kB │ gzip:   3.05 kB
2025-01-08T14:04:00.6531262Z build/client/assets/gnuplot-nclm9rTJ.js                      15.73 kB │ gzip:   3.59 kB
2025-01-08T14:04:00.6532566Z build/client/assets/rust-DGxQkqYo.js                         15.98 kB │ gzip:   3.32 kB
2025-01-08T14:04:00.6533613Z build/client/assets/abap-DXFkqnOI.js                         16.05 kB │ gzip:   5.98 kB
2025-01-08T14:04:00.6534615Z build/client/assets/elixir-DjCTzIqv.js                       16.33 kB │ gzip:   3.17 kB
2025-01-08T14:04:00.6535697Z build/client/assets/gdscript-B474tPdy.js                     16.44 kB │ gzip:   3.68 kB
2025-01-08T14:04:00.6536766Z build/client/assets/graphql-Cac5VMXA.js                      16.59 kB │ gzip:   2.62 kB
2025-01-08T14:04:00.6537822Z build/client/assets/move-DOHBU7tp.js                         17.44 kB │ gzip:   3.90 kB
2025-01-08T14:04:00.6538857Z build/client/assets/marko-DTTVzMRa.js                        17.61 kB │ gzip:   3.18 kB
2025-01-08T14:04:00.6539932Z build/client/assets/groovy-wChcbJ1V.js                       17.70 kB │ gzip:   3.76 kB
2025-01-08T14:04:00.6541021Z build/client/assets/nushell-CrgTADc5.js                      17.74 kB │ gzip:   4.91 kB
2025-01-08T14:04:00.6542059Z build/client/assets/material-theme-B2BuIiKK.js               18.08 kB │ gzip:   3.09 kB
2025-01-08T14:04:00.6543123Z build/client/assets/material-theme-darker-BrGg7AAd.js        18.09 kB │ gzip:   3.09 kB
2025-01-08T14:04:00.6544334Z build/client/assets/material-theme-ocean-CBL0qBdF.js         18.09 kB │ gzip:   3.11 kB
2025-01-08T14:04:00.6545456Z build/client/assets/material-theme-lighter-DDRuGeQH.js       18.10 kB │ gzip:   3.08 kB
2025-01-08T14:04:00.6546647Z build/client/assets/material-theme-palenight-D7gg1Usp.js     18.10 kB │ gzip:   3.10 kB
2025-01-08T14:04:00.6547769Z build/client/assets/glimmer-js-Bhx_sfM5.js                   18.32 kB │ gzip:   2.95 kB
2025-01-08T14:04:00.6548786Z build/client/assets/glimmer-ts-61dai_V5.js                   18.32 kB │ gzip:   2.94 kB
2025-01-08T14:04:00.6549883Z build/client/assets/matlab-Btshr8M_.js                       18.44 kB │ gzip:   3.98 kB
2025-01-08T14:04:00.6550916Z build/client/assets/mdc-Bn_uTtpR.js                          19.16 kB │ gzip:   6.66 kB
2025-01-08T14:04:00.6552155Z build/client/assets/vue-DwKRC_TW.js                          19.38 kB │ gzip:   3.02 kB
2025-01-08T14:04:00.6553186Z build/client/assets/kusto-DGEpfOTx.js                        19.39 kB │ gzip:   4.52 kB
2025-01-08T14:04:00.6554218Z build/client/assets/snazzy-light-CA9nliXM.js                 19.75 kB │ gzip:   3.79 kB
2025-01-08T14:04:00.6555328Z build/client/assets/viml-BLluXI4E.js                         20.30 kB │ gzip:   7.22 kB
2025-01-08T14:04:00.6556319Z build/client/assets/twig-llAgFoxS.js                         20.30 kB │ gzip:   3.95 kB
2025-01-08T14:04:00.6557327Z build/client/assets/dracula-DGO8GyiP.js                      20.47 kB │ gzip:   3.97 kB
2025-01-08T14:04:00.6558684Z build/client/assets/dracula-soft-9B1nZgL-.js                 20.48 kB │ gzip:   4.00 kB
2025-01-08T14:04:00.6559758Z build/client/assets/powershell-9ZOzOPqN.js                   20.53 kB │ gzip:   4.65 kB
2025-01-08T14:04:00.6560822Z build/client/assets/nim-0XdZC7BR.js                          20.93 kB │ gzip:   3.47 kB
2025-01-08T14:04:00.6561919Z build/client/assets/rose-pine-CX_FIdg1.js                    21.22 kB │ gzip:   3.80 kB
2025-01-08T14:04:00.6562946Z build/client/assets/rose-pine-moon-CdedUr_-.js               21.23 kB │ gzip:   3.82 kB
2025-01-08T14:04:00.6564128Z build/client/assets/rose-pine-dawn-Bj5xdiaE.js               21.23 kB │ gzip:   3.82 kB
2025-01-08T14:04:00.6565186Z build/client/assets/index-0Dq-mVLH.js                        21.71 kB │ gzip:   9.79 kB
2025-01-08T14:04:00.6566171Z build/client/assets/mermaid-Dkb1Nx48.js                      22.10 kB │ gzip:   3.87 kB
2025-01-08T14:04:00.6567277Z build/client/assets/vhdl-QZ3jNtnE.js                         22.21 kB │ gzip:   3.97 kB
2025-01-08T14:04:00.6568365Z build/client/assets/index-K5OAHD5g.js                        22.56 kB │ gzip:  10.03 kB
2025-01-08T14:04:00.6569418Z build/client/assets/sql-DbK06e1c.js                          22.73 kB │ gzip:   7.53 kB
2025-01-08T14:04:00.6570439Z build/client/assets/fsharp-C-VjhQSu.js                       22.97 kB │ gzip:   4.12 kB
2025-01-08T14:04:00.6571752Z build/client/assets/common-lisp-C3qUB5O8.js                  23.25 kB │ gzip:   6.31 kB
2025-01-08T14:04:00.6572957Z build/client/assets/astro-U9VgAVQT.js                        23.26 kB │ gzip:   7.57 kB
2025-01-08T14:04:00.6573949Z build/client/assets/razor-CtZ59qoM.js                        23.50 kB │ gzip:   3.45 kB
2025-01-08T14:04:00.6574994Z build/client/assets/apl-D9TNySCV.js                          23.76 kB │ gzip:   4.74 kB
2025-01-08T14:04:00.6576256Z build/client/assets/system-verilog-BscxmKrE.js               23.84 kB │ gzip:   4.81 kB
2025-01-08T14:04:00.6577317Z build/client/assets/one-light-alpzPJ78.js                    23.99 kB │ gzip:   3.64 kB
2025-01-08T14:04:00.6578597Z build/client/assets/java-ClXEvkw9.js                         24.78 kB │ gzip:   4.36 kB
2025-01-08T14:04:00.6579610Z build/client/assets/scss-DqznleHU.js                         24.91 kB │ gzip:   4.25 kB
2025-01-08T14:04:00.6580613Z build/client/assets/typespec-DAP_O-zg.js                     25.22 kB │ gzip:   2.79 kB
2025-01-08T14:04:00.6581727Z build/client/assets/coffee-B4DZ7swD.js                       25.62 kB │ gzip:   6.50 kB
2025-01-08T14:04:00.6582723Z build/client/assets/julia-CnoVwgV8.js                        25.75 kB │ gzip:   6.04 kB
2025-01-08T14:04:00.6584040Z build/client/assets/nord-CsyjKwr8.js                         25.83 kB │ gzip:   4.36 kB
2025-01-08T14:04:00.6585106Z build/client/assets/scala-vMsNTMhM.js                        26.09 kB │ gzip:   4.20 kB
2025-01-08T14:04:00.6586099Z build/client/assets/index-BbGMnBM_.js                        26.17 kB │ gzip:   8.72 kB
2025-01-08T14:04:00.6587199Z build/client/assets/night-owl-BeocmOPF.js                    27.48 kB │ gzip:   5.07 kB
2025-01-08T14:04:00.6588244Z build/client/assets/applescript-B4yE-MfL.js                  27.91 kB │ gzip:   6.30 kB
2025-01-08T14:04:00.6589313Z build/client/assets/index-IYZ1QjW6.js                        28.75 kB │ gzip:  11.70 kB
2025-01-08T14:04:00.6590348Z build/client/assets/stylus-DSrLtGYv.js                       29.66 kB │ gzip:   8.10 kB
2025-01-08T14:04:00.6591369Z build/client/assets/crystal-DwllXkRF.js                      30.65 kB │ gzip:   5.53 kB
2025-01-08T14:04:00.6592481Z build/client/assets/one-dark-pro-BTtaZsq5.js                 31.68 kB │ gzip:   5.40 kB
2025-01-08T14:04:00.6593513Z build/client/assets/haxe-Dit6kIrv.js                         31.99 kB │ gzip:   5.87 kB
2025-01-08T14:04:00.6594562Z build/client/assets/codeql-BOpLLL-w.js                       32.08 kB │ gzip:   4.03 kB
2025-01-08T14:04:00.6595662Z build/client/assets/nginx-Bo7Ko850.js                        32.50 kB │ gzip:   4.45 kB
2025-01-08T14:04:00.6596693Z build/client/assets/poimandres-Cda-MJFk.js                   32.82 kB │ gzip:   5.47 kB
2025-01-08T14:04:00.6597780Z build/client/assets/tokyo-night-eJfcURhx.js                  32.89 kB │ gzip:   5.87 kB
2025-01-08T14:04:00.6599143Z build/client/assets/erlang-DS9ZWoKD.js                       33.08 kB │ gzip:   4.40 kB
2025-01-08T14:04:00.6600289Z build/client/assets/houston-CZZ6oYdA.js                      33.91 kB │ gzip:   5.74 kB
2025-01-08T14:04:00.6601713Z build/client/assets/r-BXfENWL6.js                            34.03 kB │ gzip:  11.07 kB
2025-01-08T14:04:00.6602737Z build/client/assets/ruby-CPHW1Myo.js                         34.49 kB │ gzip:   5.71 kB
2025-01-08T14:04:00.6604029Z build/client/assets/asm-PWN5J14X.js                          37.93 kB │ gzip:   8.09 kB
2025-01-08T14:04:00.6605111Z build/client/assets/cobol-DgBJixdi.js                        38.34 kB │ gzip:  11.06 kB
2025-01-08T14:04:00.6606174Z build/client/assets/d-PifQWv0n.js                            38.49 kB │ gzip:   8.21 kB
2025-01-08T14:04:00.6607284Z build/client/assets/shellscript-BZfs-ost.js                  38.50 kB │ gzip:   6.18 kB
2025-01-08T14:04:00.6608327Z build/client/assets/haskell-DAGYewaG.js                      39.07 kB │ gzip:   7.13 kB
2025-01-08T14:04:00.6609494Z build/client/assets/perl-InL218rs.js                         40.08 kB │ gzip:   4.78 kB
2025-01-08T14:04:00.6610791Z build/client/assets/apex-Sfo2eW0G.js                         42.54 kB │ gzip:   6.74 kB
2025-01-08T14:04:00.6611946Z build/client/assets/ada-CowR2XfX.js                          42.76 kB │ gzip:   5.87 kB
2025-01-08T14:04:00.6613055Z build/client/assets/index-CmA9Wfi6.js                        42.99 kB │ gzip:  14.82 kB
2025-01-08T14:04:00.6614124Z build/client/assets/go-BJn7Ek5W.js                           43.86 kB │ gzip:   6.26 kB
2025-01-08T14:04:00.6615174Z build/client/assets/catppuccin-mocha-CEfge3mM.js             44.19 kB │ gzip:   7.63 kB
2025-01-08T14:04:00.6616342Z build/client/assets/catppuccin-latte-BYdKNJ10.js             44.19 kB │ gzip:   7.64 kB
2025-01-08T14:04:00.6617555Z build/client/assets/catppuccin-frappe-CSPeAESR.js            44.19 kB │ gzip:   7.65 kB
2025-01-08T14:04:00.6618717Z build/client/assets/catppuccin-macchiato-DVLwECkk.js         44.20 kB │ gzip:   7.64 kB
2025-01-08T14:04:00.6619805Z build/client/assets/index-2WvMUDlb.js                        44.69 kB │ gzip:  19.07 kB
2025-01-08T14:04:00.6620813Z build/client/assets/imba-BXg-Svbq.js                         47.16 kB │ gzip:   9.92 kB
2025-01-08T14:04:00.6621868Z build/client/assets/css-CbYhyuC0.js                          47.37 kB │ gzip:  12.56 kB
2025-01-08T14:04:00.6622907Z build/client/assets/markdown-BdfWgkoX.js                     50.81 kB │ gzip:   5.64 kB
2025-01-08T14:04:00.6623899Z build/client/assets/latex-DhY63DBA.js                        52.73 kB │ gzip:   6.19 kB
2025-01-08T14:04:00.6624999Z build/client/assets/wikitext-2Gt4HDrj.js                     53.58 kB │ gzip:   5.79 kB
2025-01-08T14:04:00.6626041Z build/client/assets/ballerina-T9ysyp6P.js                    54.33 kB │ gzip:   8.17 kB
2025-01-08T14:04:00.6627109Z build/client/assets/html-CqhC7HHo.js                         55.14 kB │ gzip:  11.79 kB
2025-01-08T14:04:00.6628199Z build/client/assets/stata-8O9LehIm.js                        56.54 kB │ gzip:  13.66 kB
2025-01-08T14:04:00.6629401Z build/client/assets/ocaml-RqY_Nz63.js                        60.33 kB │ gzip:   5.09 kB
2025-01-08T14:04:00.6630512Z build/client/assets/c-RCJZWN-0.js                            67.59 kB │ gzip:  10.47 kB
2025-01-08T14:04:00.6631486Z build/client/assets/mojo--7WWnkdy.js                         69.93 kB │ gzip:  11.22 kB
2025-01-08T14:04:00.6632574Z build/client/assets/python-DwuVtWc2.js                       70.76 kB │ gzip:  11.29 kB
2025-01-08T14:04:00.6633609Z build/client/assets/root-ptTC_UuE.js                         72.31 kB │ gzip:  23.70 kB
2025-01-08T14:04:00.6634759Z build/client/assets/less-Du6_OKDb.js                         76.35 kB │ gzip:  12.91 kB
2025-01-08T14:04:00.6636145Z build/client/assets/csharp-DISxKEhY.js                       78.97 kB │ gzip:  10.39 kB
2025-01-08T14:04:00.6637206Z build/client/assets/hack-OhUXFOZr.js                         79.92 kB │ gzip:  27.46 kB
2025-01-08T14:04:00.6638331Z build/client/assets/index-BEjWUJcZ.js                        84.26 kB │ gzip:  33.43 kB
2025-01-08T14:04:00.6639372Z build/client/assets/asciidoc-CF5eOCvB.js                     85.17 kB │ gzip:   8.17 kB
2025-01-08T14:04:00.6640441Z build/client/assets/fortran-free-form-D6pmzCqS.js            89.19 kB │ gzip:  12.14 kB
2025-01-08T14:04:00.6641561Z build/client/assets/swift-Dez-Qvcc.js                        90.59 kB │ gzip:  17.15 kB
2025-01-08T14:04:00.6642557Z build/client/assets/vyper-o-cPXEvd.js                        93.22 kB │ gzip:  13.14 kB
2025-01-08T14:04:00.6643550Z build/client/assets/blade-HiqCVk8k.js                        98.76 kB │ gzip:  28.39 kB
2025-01-08T14:04:00.6644639Z build/client/assets/racket-Cp2HGa90.js                      101.40 kB │ gzip:  17.31 kB
2025-01-08T14:04:00.6645653Z build/client/assets/index-BAoTVo8m.js                       101.46 kB │ gzip:  33.76 kB
2025-01-08T14:04:00.6646712Z build/client/assets/objective-c-DHmGyzbM.js                 102.03 kB │ gzip:  23.50 kB
2025-01-08T14:04:00.6647752Z build/client/assets/php-DdJTc9Za.js                         103.33 kB │ gzip:  28.40 kB
2025-01-08T14:04:00.6648806Z build/client/assets/mdx-CBPJd_fO.js                         118.30 kB │ gzip:  23.40 kB
2025-01-08T14:04:00.6649898Z build/client/assets/objective-cpp-BWKJ1FCf.js               164.63 kB │ gzip:  30.77 kB
2025-01-08T14:04:00.6651326Z build/client/assets/javascript-Dch3xQiY.js                  167.86 kB │ gzip:  17.12 kB
2025-01-08T14:04:00.6652468Z build/client/assets/tsx-BlxWTfDV.js                         168.58 kB │ gzip:  17.18 kB
2025-01-08T14:04:00.6653491Z build/client/assets/jsx-CsyrCbsw.js                         170.83 kB │ gzip:  17.21 kB
2025-01-08T14:04:00.6654523Z build/client/assets/typescript-DC8MraHL.js                  174.98 kB │ gzip:  16.64 kB
2025-01-08T14:04:00.6655933Z build/client/assets/angular-ts-DOuPvTiZ.js                  177.43 kB │ gzip:  17.22 kB
2025-01-08T14:04:00.6657017Z build/client/assets/components-CR-b5HIa.js                  248.72 kB │ gzip:  79.94 kB
2025-01-08T14:04:00.6658028Z build/client/assets/wolfram-BICIrM8O.js                     264.33 kB │ gzip:  76.98 kB
2025-01-08T14:04:00.6659150Z build/client/assets/wasm-CsTmP73Z.js                        622.30 kB │ gzip: 230.27 kB
2025-01-08T14:04:00.6660168Z build/client/assets/cpp-B9__le0e.js                         628.29 kB │ gzip:  48.49 kB
2025-01-08T14:04:00.6661409Z build/client/assets/emacs-lisp-BEjL32p1.js                  807.64 kB │ gzip: 202.93 kB
2025-01-08T14:04:00.6662459Z build/client/assets/_index-Dyvb-En0.js                    1,531.08 kB │ gzip: 473.09 kB
2025-01-08T14:04:00.6663099Z ✓ built in 19.01s
2025-01-08T14:04:02.0768251Z vite v5.3.1 building SSR bundle for production...
2025-01-08T14:04:02.0821938Z transforming...
2025-01-08T14:04:02.1462359Z DEPRECATION WARNING: The legacy JS API is deprecated and will be removed in Dart Sass 2.0.0.
2025-01-08T14:04:02.1463147Z
2025-01-08T14:04:02.1463498Z More info: https://sass-lang.com/d/legacy-js-api
2025-01-08T14:04:02.1463864Z
2025-01-08T14:04:02.1521702Z DEPRECATION WARNING: Sass @import rules are deprecated and will be removed in Dart Sass 3.0.0.
2025-01-08T14:04:02.1522404Z
2025-01-08T14:04:02.1523077Z More info and automated migrator: https://sass-lang.com/d/import
2025-01-08T14:04:02.1523504Z
2025-01-08T14:04:02.1523904Z   ╷
2025-01-08T14:04:02.1524370Z 1 │ @import './variables.scss';
2025-01-08T14:04:02.1525086Z   │         ^^^^^^^^^^^^^^^^^^
2025-01-08T14:04:02.1525710Z   ╵
2025-01-08T14:04:02.1526312Z     app/styles/index.scss 1:9  root stylesheet
2025-01-08T14:04:02.1526969Z
2025-01-08T14:04:02.1527451Z DEPRECATION WARNING: Sass @import rules are deprecated and will be removed in Dart Sass 3.0.0.
2025-01-08T14:04:02.1527886Z
2025-01-08T14:04:02.1528213Z More info and automated migrator: https://sass-lang.com/d/import
2025-01-08T14:04:02.1528524Z
2025-01-08T14:04:02.1528752Z   ╷
2025-01-08T14:04:02.1529074Z 2 │ @import './z-index.scss';
2025-01-08T14:04:02.1529456Z   │         ^^^^^^^^^^^^^^^^
2025-01-08T14:04:02.1529836Z   ╵
2025-01-08T14:04:02.1530394Z     app/styles/index.scss 2:9  root stylesheet
2025-01-08T14:04:02.1531063Z
2025-01-08T14:04:02.1531604Z DEPRECATION WARNING: Sass @import rules are deprecated and will be removed in Dart Sass 3.0.0.
2025-01-08T14:04:02.1532182Z
2025-01-08T14:04:02.1532464Z More info and automated migrator: https://sass-lang.com/d/import
2025-01-08T14:04:02.1532805Z
2025-01-08T14:04:02.1532955Z   ╷
2025-01-08T14:04:02.1533373Z 3 │ @import './animations.scss';
2025-01-08T14:04:02.1533769Z   │         ^^^^^^^^^^^^^^^^^^^
2025-01-08T14:04:02.1534097Z   ╵
2025-01-08T14:04:02.1534491Z     app/styles/index.scss 3:9  root stylesheet
2025-01-08T14:04:02.1534902Z
2025-01-08T14:04:02.1536097Z DEPRECATION WARNING: Sass @import rules are deprecated and will be removed in Dart Sass 3.0.0.
2025-01-08T14:04:02.1536805Z
2025-01-08T14:04:02.1537280Z More info and automated migrator: https://sass-lang.com/d/import
2025-01-08T14:04:02.1538043Z
2025-01-08T14:04:02.1538328Z   ╷
2025-01-08T14:04:02.1539015Z 4 │ @import './components/terminal.scss';
2025-01-08T14:04:02.1539932Z   │         ^^^^^^^^^^^^^^^^^^^^^^^^^^^^
2025-01-08T14:04:02.1540674Z   ╵
2025-01-08T14:04:02.1541271Z     app/styles/index.scss 4:9  root stylesheet
2025-01-08T14:04:02.1541838Z
2025-01-08T14:04:02.1549522Z DEPRECATION WARNING: Sass @import rules are deprecated and will be removed in Dart Sass 3.0.0.
2025-01-08T14:04:02.1550385Z
2025-01-08T14:04:02.1550909Z More info and automated migrator: https://sass-lang.com/d/import
2025-01-08T14:04:02.1551465Z
2025-01-08T14:04:02.1551689Z   ╷
2025-01-08T14:04:02.1552600Z 5 │ @import './components/resize-handle.scss';
2025-01-08T14:04:02.1553355Z   │         ^^^^^^^^^^^^^^^^^^^^^^^^^^^^^^^^^
2025-01-08T14:04:02.1553981Z   ╵
2025-01-08T14:04:02.1554528Z     app/styles/index.scss 5:9  root stylesheet
2025-01-08T14:04:02.1554939Z
2025-01-08T14:04:02.2327623Z WARNING: 3 repetitive deprecation warnings omitted.
2025-01-08T14:04:02.2328431Z
2025-01-08T14:04:02.3346479Z DEPRECATION WARNING: The legacy JS API is deprecated and will be removed in Dart Sass 2.0.0.
2025-01-08T14:04:02.3347436Z
2025-01-08T14:04:02.3348386Z More info: https://sass-lang.com/d/legacy-js-api
2025-01-08T14:04:02.3348913Z
2025-01-08T14:04:02.4014691Z ✓ 40 modules transformed.
2025-01-08T14:04:02.7345028Z rendering chunks...
2025-01-08T14:04:02.7391069Z build/server/.vite/manifest.json                   1.45 kB
2025-01-08T14:04:02.7394760Z build/server/assets/tailwind-compat-CC20SAMN.css   2.25 kB
2025-01-08T14:04:02.7396878Z build/server/assets/xterm-lQO2bNqs.css             4.08 kB
2025-01-08T14:04:02.7398538Z build/server/assets/ReactToastify-CYivYX3d.css    14.19 kB
2025-01-08T14:04:02.7400190Z build/server/assets/index-CPTzpSUP.css            17.01 kB
2025-01-08T14:04:02.7401816Z build/server/assets/server-build-DW0-2Rlk.css     26.50 kB
2025-01-08T14:04:02.7403350Z build/server/index.js                             34.05 kB
2025-01-08T14:04:02.7429722Z ✓ built in 665ms
2025-01-08T14:04:02.8647758Z ##[group]Run wrangler pages deploy ./build/client
2025-01-08T14:04:02.8648279Z wrangler pages deploy ./build/client
2025-01-08T14:04:02.8738118Z shell: /usr/bin/bash -e {0}
2025-01-08T14:04:02.8738903Z env:
2025-01-08T14:04:02.8739662Z   CLOUDFLARE_API_TOKEN: ***
2025-01-08T14:04:02.8740095Z   CLOUDFLARE_ACCOUNT_ID: ***
2025-01-08T14:04:02.8740858Z   ANTHROPIC_API_KEY: ***
2025-01-08T14:04:02.8741637Z   OPENAI_API_KEY: ***
2025-01-08T14:04:02.8741997Z   PNPM_HOME: /home/runner/setup-pnpm/node_modules/.bin
2025-01-08T14:04:02.8742474Z ##[endgroup]
2025-01-08T14:04:03.7940383Z
2025-01-08T14:04:03.8486157Z ✘ [ERROR] A request to the Cloudflare API (/accounts/***
2025-01-08T14:04:03.8487311Z /pages/projects/bolt-echo) failed.
2025-01-08T14:04:03.8487637Z
2025-01-08T14:04:03.8487795Z   Authentication error [code: 10000]
2025-01-08T14:04:03.8488040Z
2025-01-08T14:04:03.8488045Z
2025-01-08T14:04:03.8488817Z 📎 It looks like you are authenticating Wrangler via a custom API token set in an environment variable.
2025-01-08T14:04:03.8489533Z Please ensure it has the correct permissions for this operation.
2025-01-08T14:04:03.8489823Z
2025-01-08T14:04:03.8489974Z Getting User settings...
2025-01-08T14:04:04.2335997Z ℹ️  The API Token is read from the CLOUDFLARE_API_TOKEN in your environment.
2025-01-08T14:04:04.2337123Z 👋 You are logged in with an API Token, associated with the email d@rzo.io.
2025-01-08T14:04:04.2380335Z ┌────────────────────┬──────────────────────────────────┐
2025-01-08T14:04:04.2381128Z │ Account Name       │ Account ID                       │
2025-01-08T14:04:04.2382023Z ├────────────────────┼──────────────────────────────────┤
2025-01-08T14:04:04.2382928Z │ D@rzo.io's Account │ *** │
2025-01-08T14:04:04.2383538Z └────────────────────┴──────────────────────────────────┘
2025-01-08T14:04:04.2384641Z 🔓 To see token permissions visit https://dash.cloudflare.com/profile/api-tokens.
2025-01-08T14:04:04.3543865Z 🎢 Unable to get membership roles. Make sure you have permissions to read the account.
2025-01-08T14:04:04.3940303Z ##[error]Process completed with exit code 1.
2025-01-08T14:04:04.4009561Z Post job cleanup.
2025-01-08T14:04:04.4845602Z Pruning is unnecessary.
2025-01-08T14:04:04.4991376Z Post job cleanup.
2025-01-08T14:04:04.5741175Z [command]/usr/bin/git version
2025-01-08T14:04:04.5776259Z git version 2.47.1
2025-01-08T14:04:04.5820478Z Temporarily overriding HOME='/home/runner/work/_temp/77ba8278-3640-4a35-b340-c339fb3c918c' before making global git config changes
2025-01-08T14:04:04.5821425Z Adding repository directory to the temporary git global config as a safe directory
2025-01-08T14:04:04.5825129Z [command]/usr/bin/git config --global --add safe.directory /home/runner/work/bolt.echo/bolt.echo
2025-01-08T14:04:04.5865537Z [command]/usr/bin/git config --local --name-only --get-regexp core\.sshCommand
2025-01-08T14:04:04.5898259Z [command]/usr/bin/git submodule foreach --recursive sh -c "git config --local --name-only --get-regexp 'core\.sshCommand' && git config --local --unset-all 'core.sshCommand' || :"
2025-01-08T14:04:04.6137519Z [command]/usr/bin/git config --local --name-only --get-regexp http\.https\:\/\/github\.com\/\.extraheader
2025-01-08T14:04:04.6158991Z http.https://github.com/.extraheader
2025-01-08T14:04:04.6170554Z [command]/usr/bin/git config --local --unset-all http.https://github.com/.extraheader
2025-01-08T14:04:04.6200862Z [command]/usr/bin/git submodule foreach --recursive sh -c "git config --local --name-only --get-regexp 'http\.https\:\/\/github\.com\/\.extraheader' && git config --local --unset-all 'http.https://github.com/.extraheader' || :"
2025-01-08T14:04:04.6544389Z Cleaning up orphan processes
